Component: ARM Compiler 5.06 update 6 (build 750) Tool: armlink [4d35ed]

==============================================================================

Section Cross References

    acdc.o(i.get_acdc) refers to acdc.o(i.swiatlo) for swiatlo
    acdc.o(i.get_acdc) refers to pit.o(i.get_pit_time) for get_pit_time
    acdc.o(i.get_acdc) refers to transmission.o(i.mass_append) for mass_append
    acdc.o(i.get_acdc) refers to pit.o(.data) for calculate
    acdc.o(i.get_acdc) refers to transmission.o(.bss) for Arr3
    acdc.o(i.swiatlo) refers to dflti.o(.text) for __aeabi_ui2d
    acdc.o(i.swiatlo) refers to dmul.o(.text) for __aeabi_dmul
    acdc.o(i.swiatlo) refers to ddiv.o(.text) for __aeabi_ddiv
    acdc.o(i.swiatlo) refers to dfixui.o(.text) for __aeabi_d2uiz
    assoc.o(i.append_Confirmed) refers to assoc.o(.bss) for Confirmed
    assoc.o(i.append_Information) refers to assoc.o(.bss) for Member
    assoc.o(i.check_Confirmed) refers to assoc.o(.bss) for Confirmed
    assoc.o(i.check_Information) refers to assoc.o(.bss) for Member
    assoc.o(i.compare_Inf_Conf) refers to assoc.o(.bss) for Member
    assoc.o(i.compare_with_Number) refers to assoc.o(.bss) for Member
    assoc.o(i.detect_PC) refers to assoc.o(i.prepare_Information) for prepare_Information
    assoc.o(i.detect_PC) refers to assoc.o(i.prepare_Confirmed) for prepare_Confirmed
    assoc.o(i.detect_PC) refers to extra.o(i.delay_mc) for delay_mc
    assoc.o(i.detect_PC) refers to assoc.o(i.append_Information) for append_Information
    assoc.o(i.detect_PC) refers to assoc.o(i.send_Information) for send_Information
    assoc.o(i.detect_PC) refers to assoc.o(i.check_Information) for check_Information
    assoc.o(i.detect_PC) refers to assoc.o(i.check_Confirmed) for check_Confirmed
    assoc.o(i.detect_PC) refers to assoc.o(i.append_Confirmed) for append_Confirmed
    assoc.o(i.detect_PC) refers to assoc.o(i.compare_Inf_Conf) for compare_Inf_Conf
    assoc.o(i.detect_PC) refers to main.o(.data) for received
    assoc.o(i.detect_PC) refers to transmission.o(.data) for uart0_state
    assoc.o(i.detect_PC) refers to assoc.o(.bss) for Confirmed
    assoc.o(i.prepare_Confirmed) refers to assoc.o(.bss) for Confirmed
    assoc.o(i.prepare_Information) refers to assoc.o(.bss) for Member
    assoc.o(i.send_Information) refers to assoc.o(.bss) for Member
    leds.o(i.customBlink) refers to extra.o(i.delay_mc) for delay_mc
    leds.o(i.ledblueBlink) refers to extra.o(i.delay_mc) for delay_mc
    leds.o(i.ledgreenBlink) refers to extra.o(i.delay_mc) for delay_mc
    leds.o(i.ledredBlink) refers to extra.o(i.delay_mc) for delay_mc
    main.o(i.Critical_Section) refers to acdc.o(i.get_acdc) for get_acdc
    main.o(i.Critical_Section) refers to transmission.o(.data) for tx_state
    main.o(i.Initialization_List) refers to leds.o(i.ledsInitialize) for ledsInitialize
    main.o(i.Initialization_List) refers to pit.o(i.pitInitialize) for pitInitialize
    main.o(i.Initialization_List) refers to pit.o(i.systickInit) for systickInit
    main.o(i.Initialization_List) refers to acdc.o(i.acdcint) for acdcint
    main.o(i.Initialization_List) refers to transmission.o(i.arr_get_ready) for arr_get_ready
    main.o(i.Initialization_List) refers to send.o(i.Q_Initialize) for Q_Initialize
    main.o(i.Initialization_List) refers to transmission.o(i.GB_Init) for GB_Init
    main.o(i.Initialization_List) refers to uart.o(i.uart0Initialize) for uart0Initialize
    main.o(i.Initialization_List) refers to uart.o(i.uart12Initialize) for uart12Initialize
    main.o(i.Initialization_List) refers to transmission.o(.bss) for GenBuff
    main.o(i.Load_Arrays) refers to transmission.o(i.Load_Data) for Load_Data
    main.o(i.Load_Arrays) refers to transmission.o(.bss) for Arr3
    main.o(i.Receive) refers to transmission.o(i.Receive_Data) for Receive_Data
    main.o(i.Receive) refers to transmission.o(.data) for uart1_state
    main.o(i.Set_Uarts_Functions) refers to transmission.o(.data) for uart0_state
    main.o(i.Transmit) refers to transmission.o(i.Transmit_Data) for Transmit_Data
    main.o(i.Transmit) refers to leds.o(i.ledredBlink) for ledredBlink
    main.o(i.Transmit) refers to transmission.o(.data) for uart0_state
    main.o(i.main) refers to main.o(i.Set_Uarts_Functions) for Set_Uarts_Functions
    main.o(i.main) refers to main.o(i.Initialization_List) for Initialization_List
    main.o(i.main) refers to assoc.o(i.detect_PC) for detect_PC
    main.o(i.main) refers to leds.o(i.ledsOff) for ledsOff
    main.o(i.main) refers to main.o(i.Critical_Section) for Critical_Section
    main.o(i.main) refers to transmission.o(i.Receive_Data) for Receive_Data
    main.o(i.main) refers to transmission.o(i.Receive_Data2) for Receive_Data2
    main.o(i.main) refers to main.o(i.Load_Arrays) for Load_Arrays
    main.o(i.main) refers to main.o(i.Transmit) for Transmit
    main.o(i.main) refers to transmission.o(.data) for rx_state2
    pit.o(i.PIT_IRQHandler) refers to pit.o(i.__NVIC_ClearPendingIRQ) for __NVIC_ClearPendingIRQ
    pit.o(i.PIT_IRQHandler) refers to pit.o(.data) for time
    pit.o(i.SysTick_Handler) refers to pit.o(i.__NVIC_ClearPendingIRQ) for __NVIC_ClearPendingIRQ
    pit.o(i.SysTick_Handler) refers to pit.o(.data) for calculate
    pit.o(i.get_pit_time) refers to pit.o(.data) for time
    pit.o(i.pitInitialize) refers to pit.o(i.__NVIC_ClearPendingIRQ) for __NVIC_ClearPendingIRQ
    pit.o(i.pitInitialize) refers to pit.o(i.__NVIC_EnableIRQ) for __NVIC_EnableIRQ
    pit.o(i.systickInit) refers to pit.o(i.__NVIC_SetPriority) for __NVIC_SetPriority
    pit.o(i.systickInit) refers to pit.o(i.__NVIC_ClearPendingIRQ) for __NVIC_ClearPendingIRQ
    pit.o(i.systickInit) refers to pit.o(i.__NVIC_EnableIRQ) for __NVIC_EnableIRQ
    pit.o(i.systickInit) refers to aeabi_sdiv.o(.text) for __aeabi_uidivmod
    pit.o(i.systickInit) refers to system_mkl25z4.o(.data) for SystemCoreClock
    tpm.o(i.TPM0_IRQHandler) refers to tpm.o(i.__NVIC_ClearPendingIRQ) for __NVIC_ClearPendingIRQ
    tpm.o(i.TPM0_IRQHandler) refers to main.o(.data) for counting
    tpm.o(i.TPM0_IRQHandler) refers to tpm.o(.constdata) for led_mask
    tpm.o(i.tpmInitialize) refers to leds.o(i.ledsInitialize) for ledsInitialize
    tpm.o(i.tpmInitialize) refers to tpm.o(i.__NVIC_SetPriority) for __NVIC_SetPriority
    tpm.o(i.tpmInitialize) refers to tpm.o(i.__NVIC_ClearPendingIRQ) for __NVIC_ClearPendingIRQ
    uart.o(i.UART0_IRQHandler) refers to send.o(i.QS_Empty) for QS_Empty
    uart.o(i.UART0_IRQHandler) refers to send.o(i.QS_Send) for QS_Send
    uart.o(i.UART0_IRQHandler) refers to uart.o(i.__NVIC_ClearPendingIRQ) for __NVIC_ClearPendingIRQ
    uart.o(i.UART0_IRQHandler) refers to transmission.o(.data) for uart0_state
    uart.o(i.UART0_IRQHandler) refers to main.o(.data) for received
    uart.o(i.UART0_IRQHandler) refers to send.o(.bss) for SndBuff
    uart.o(i.uart0Initialize) refers to dflti.o(.text) for __aeabi_ui2d
    uart.o(i.uart0Initialize) refers to ddiv.o(.text) for __aeabi_ddiv
    uart.o(i.uart0Initialize) refers to dfixui.o(.text) for __aeabi_d2uiz
    uart.o(i.uart0Initialize) refers to uart.o(i.__NVIC_ClearPendingIRQ) for __NVIC_ClearPendingIRQ
    uart.o(i.uart0Initialize) refers to uart.o(.data) for baud_rate0
    uart.o(i.uart12Initialize) refers to dflti.o(.text) for __aeabi_ui2d
    uart.o(i.uart12Initialize) refers to ddiv.o(.text) for __aeabi_ddiv
    uart.o(i.uart12Initialize) refers to dfixui.o(.text) for __aeabi_d2uiz
    uart.o(i.uart12Initialize) refers to uart.o(.data) for baud_rate1
    transmission.o(i.GB_Dequeue) refers to transmission.o(i.GB_is_empty) for GB_is_empty
    transmission.o(i.GB_Dequeue) refers to aeabi_sdiv.o(.text) for __aeabi_uidivmod
    transmission.o(i.GB_Dequeue) refers to transmission.o(.bss) for Arr0
    transmission.o(i.GB_Enqueue) refers to transmission.o(i.GB_is_space) for GB_is_space
    transmission.o(i.GB_Enqueue) refers to aeabi_sdiv.o(.text) for __aeabi_uidivmod
    transmission.o(i.GB_Shift) refers to transmission.o(i.GB_is_empty) for GB_is_empty
    transmission.o(i.GB_recv_to) refers to transmission.o(i.clear_arrey) for clear_arrey
    transmission.o(i.GB_recv_to) refers to transmission.o(i.Load_Data) for Load_Data
    transmission.o(i.GB_to_send) refers to transmission.o(i.clear_arrey) for clear_arrey
    transmission.o(i.GB_to_send) refers to transmission.o(i.GB_read_first_el) for GB_read_first_el
    transmission.o(i.GB_to_send) refers to transmission.o(i.GB_Dequeue) for GB_Dequeue
    transmission.o(i.GB_to_send) refers to transmission.o(i.GB_should_move) for GB_should_move
    transmission.o(i.GB_to_send) refers to transmission.o(i.GB_Shift) for GB_Shift
    transmission.o(i.GB_to_send) refers to send.o(i.QS_Enqueue) for QS_Enqueue
    transmission.o(i.GB_to_send) refers to send.o(i.Q_Send) for Q_Send
    transmission.o(i.GB_to_send) refers to transmission.o(.bss) for Arr0
    transmission.o(i.GB_to_send) refers to send.o(.bss) for SndBuff
    transmission.o(i.Load_Data) refers to transmission.o(i.GB_Enqueue) for GB_Enqueue
    transmission.o(i.Load_Data) refers to transmission.o(i.clear_arrey) for clear_arrey
    transmission.o(i.Load_Data) refers to transmission.o(.bss) for GenBuff
    transmission.o(i.Receive_Data) refers to extra.o(i.delay_mc) for delay_mc
    transmission.o(i.Receive_Data) refers to send.o(i.Q_Send) for Q_Send
    transmission.o(i.Receive_Data) refers to send.o(i.Q_Receive) for Q_Receive
    transmission.o(i.Receive_Data) refers to transmission.o(i.GB_recv_to) for GB_recv_to
    transmission.o(i.Receive_Data) refers to transmission.o(i.clear_arrey) for clear_arrey
    transmission.o(i.Receive_Data) refers to transmission.o(.data) for uart1_state
    transmission.o(i.Receive_Data) refers to main.o(.data) for received1
    transmission.o(i.Receive_Data) refers to transmission.o(.bss) for Arr1
    transmission.o(i.Receive_Data2) refers to extra.o(i.delay_mc) for delay_mc
    transmission.o(i.Receive_Data2) refers to send.o(i.Q_Send) for Q_Send
    transmission.o(i.Receive_Data2) refers to send.o(i.Q_Receive) for Q_Receive
    transmission.o(i.Receive_Data2) refers to transmission.o(i.GB_recv_to) for GB_recv_to
    transmission.o(i.Receive_Data2) refers to transmission.o(i.clear_arrey) for clear_arrey
    transmission.o(i.Receive_Data2) refers to transmission.o(.data) for uart2_state
    transmission.o(i.Receive_Data2) refers to main.o(.data) for received2
    transmission.o(i.Receive_Data2) refers to transmission.o(.bss) for Arr2
    transmission.o(i.Transmit_Data) refers to transmission.o(i.GB_is_empty) for GB_is_empty
    transmission.o(i.Transmit_Data) refers to extra.o(i.delay_mc) for delay_mc
    transmission.o(i.Transmit_Data) refers to send.o(i.QS_Enqueue) for QS_Enqueue
    transmission.o(i.Transmit_Data) refers to transmission.o(i.GB_to_send) for GB_to_send
    transmission.o(i.Transmit_Data) refers to transmission.o(i.clear_arrey) for clear_arrey
    transmission.o(i.Transmit_Data) refers to send.o(i.Q_Initialize) for Q_Initialize
    transmission.o(i.Transmit_Data) refers to send.o(i.Q_Receive) for Q_Receive
    transmission.o(i.Transmit_Data) refers to send.o(i.Q_Send) for Q_Send
    transmission.o(i.Transmit_Data) refers to transmission.o(.bss) for GenBuff
    transmission.o(i.Transmit_Data) refers to transmission.o(.data) for tx_state
    transmission.o(i.Transmit_Data) refers to main.o(.data) for received
    transmission.o(i.Transmit_Data) refers to send.o(.bss) for SndBuff
    transmission.o(i.arr_append) refers to transmission.o(i.clear_arrey) for clear_arrey
    transmission.o(i.arr_get_ready) refers to transmission.o(i.clear_arrey) for clear_arrey
    transmission.o(i.arr_get_ready) refers to transmission.o(.bss) for Arr0
    transmission.o(i.mass_append) refers to assoc.o(i.get_Format) for get_Format
    transmission.o(i.mass_append) refers to transmission.o(i.arr_append) for arr_append
    send.o(i.QS_Dequeue) refers to send.o(i.QS_Empty) for QS_Empty
    send.o(i.QS_Enqueue) refers to send.o(i.QS_Full) for QS_Full
    send.o(i.QS_Send) refers to send.o(i.QS_Empty) for QS_Empty
    send.o(i.Q_Initialize) refers to send.o(i.QS_Init) for QS_Init
    send.o(i.Q_Initialize) refers to send.o(.bss) for SndBuff
    startup_mkl25z4.o(STACK) refers (Special) to heapauxi.o(.text) for __use_two_region_memory
    startup_mkl25z4.o(HEAP) refers (Special) to heapauxi.o(.text) for __use_two_region_memory
    startup_mkl25z4.o(RESET) refers (Special) to heapauxi.o(.text) for __use_two_region_memory
    startup_mkl25z4.o(RESET) refers to startup_mkl25z4.o(STACK) for __initial_sp
    startup_mkl25z4.o(RESET) refers to startup_mkl25z4.o(.text) for Reset_Handler
    startup_mkl25z4.o(RESET) refers to pit.o(i.SysTick_Handler) for SysTick_Handler
    startup_mkl25z4.o(RESET) refers to uart.o(i.UART0_IRQHandler) for UART0_IRQHandler
    startup_mkl25z4.o(RESET) refers to tpm.o(i.TPM0_IRQHandler) for TPM0_IRQHandler
    startup_mkl25z4.o(RESET) refers to pit.o(i.PIT_IRQHandler) for PIT_IRQHandler
    startup_mkl25z4.o(.ARM.__at_0x400) refers (Special) to heapauxi.o(.text) for __use_two_region_memory
    startup_mkl25z4.o(.text) refers (Special) to heapauxi.o(.text) for __use_two_region_memory
    startup_mkl25z4.o(.text) refers to system_mkl25z4.o(i.SystemInit) for SystemInit
    startup_mkl25z4.o(.text) refers to __main.o(!!!main) for __main
    startup_mkl25z4.o(.text) refers to startup_mkl25z4.o(HEAP) for Heap_Mem
    startup_mkl25z4.o(.text) refers to startup_mkl25z4.o(STACK) for Stack_Mem
    system_mkl25z4.o(i.SystemCoreClockUpdate) refers to aeabi_sdiv.o(.text) for __aeabi_uidivmod
    system_mkl25z4.o(i.SystemCoreClockUpdate) refers to system_mkl25z4.o(i.__ARM_common_switch8) for __ARM_common_switch8
    system_mkl25z4.o(i.SystemCoreClockUpdate) refers to system_mkl25z4.o(.data) for SystemCoreClock
    __main.o(!!!main) refers to __rtentry.o(.ARM.Collect$$rtentry$$00000000) for __rt_entry
    ddiv.o(.text) refers (Special) to usenofp.o(x$fpl$usenofp) for __I$use$fp
    ddiv.o(.text) refers to ddiv.o(.constdata) for .constdata
    ddiv.o(.constdata) refers (Special) to usenofp.o(x$fpl$usenofp) for __I$use$fp
    dfixui.o(.text) refers (Special) to usenofp.o(x$fpl$usenofp) for __I$use$fp
    dflti.o(.text) refers (Special) to usenofp.o(x$fpl$usenofp) for __I$use$fp
    dmul.o(.text) refers (Special) to usenofp.o(x$fpl$usenofp) for __I$use$fp
    __rtentry.o(.ARM.Collect$$rtentry$$00000000) refers (Special) to __rtentry2.o(.ARM.Collect$$rtentry$$0000000A) for __rt_entry_li
    __rtentry.o(.ARM.Collect$$rtentry$$00000000) refers (Special) to __rtentry2.o(.ARM.Collect$$rtentry$$0000000D) for __rt_entry_main
    __rtentry.o(.ARM.Collect$$rtentry$$00000000) refers (Special) to __rtentry2.o(.ARM.Collect$$rtentry$$0000000C) for __rt_entry_postli_1
    __rtentry.o(.ARM.Collect$$rtentry$$00000000) refers (Special) to __rtentry2.o(.ARM.Collect$$rtentry$$00000009) for __rt_entry_postsh_1
    __rtentry.o(.ARM.Collect$$rtentry$$00000000) refers (Special) to __rtentry2.o(.ARM.Collect$$rtentry$$00000002) for __rt_entry_presh_1
    __rtentry.o(.ARM.Collect$$rtentry$$00000000) refers (Special) to __rtentry4.o(.ARM.Collect$$rtentry$$00000004) for __rt_entry_sh
    aeabi_idiv0_sigfpe.o(.text) refers to rt_div0.o(.text) for __rt_div0
    __rtentry2.o(.ARM.Collect$$rtentry$$00000008) refers to boardinit2.o(.text) for _platform_post_stackheap_init
    __rtentry2.o(.ARM.Collect$$rtentry$$0000000A) refers to libinit.o(.ARM.Collect$$libinit$$00000000) for __rt_lib_init
    __rtentry2.o(.ARM.Collect$$rtentry$$0000000B) refers to boardinit3.o(.text) for _platform_post_lib_init
    __rtentry2.o(.ARM.Collect$$rtentry$$0000000D) refers to main.o(i.main) for main
    __rtentry2.o(.ARM.Collect$$rtentry$$0000000D) refers to exit.o(.text) for exit
    __rtentry2.o(.ARM.exidx) refers to __rtentry2.o(.ARM.Collect$$rtentry$$00000001) for .ARM.Collect$$rtentry$$00000001
    __rtentry2.o(.ARM.exidx) refers to __rtentry2.o(.ARM.Collect$$rtentry$$00000008) for .ARM.Collect$$rtentry$$00000008
    __rtentry2.o(.ARM.exidx) refers to __rtentry2.o(.ARM.Collect$$rtentry$$0000000A) for .ARM.Collect$$rtentry$$0000000A
    __rtentry2.o(.ARM.exidx) refers to __rtentry2.o(.ARM.Collect$$rtentry$$0000000B) for .ARM.Collect$$rtentry$$0000000B
    __rtentry2.o(.ARM.exidx) refers to __rtentry2.o(.ARM.Collect$$rtentry$$0000000D) for .ARM.Collect$$rtentry$$0000000D
    __rtentry4.o(.ARM.Collect$$rtentry$$00000004) refers to sys_stackheap_outer.o(.text) for __user_setup_stackheap
    __rtentry4.o(.ARM.exidx) refers to __rtentry4.o(.ARM.Collect$$rtentry$$00000004) for .ARM.Collect$$rtentry$$00000004
    rt_div0.o(.text) refers to defsig_fpe_outer.o(.text) for __rt_SIGFPE
    sys_stackheap_outer.o(.text) refers to libspace.o(.text) for __user_perproc_libspace
    sys_stackheap_outer.o(.text) refers to startup_mkl25z4.o(.text) for __user_initial_stackheap
    sys_stackheap_outer.o(__vectab_stack_and_reset_area) refers to tempstk.o(.text) for __temporary_stack_top
    sys_stackheap_outer.o(__vectab_stack_and_reset_area) refers to __main.o(!!!main) for __main
    exit.o(.text) refers to rtexit.o(.ARM.Collect$$rtexit$$00000000) for __rt_exit
    defsig_fpe_outer.o(.text) refers to defsig_fpe_inner.o(.text) for __rt_SIGFPE_inner
    defsig_fpe_outer.o(.text) refers to defsig_exit.o(.text) for __sig_exit
    defsig_fpe_formal.o(.text) refers to rt_raise.o(.text) for __rt_raise
    libinit.o(.ARM.Collect$$libinit$$00000000) refers (Special) to libinit2.o(.ARM.Collect$$libinit$$0000002E) for __rt_lib_init_alloca_1
    libinit.o(.ARM.Collect$$libinit$$00000000) refers (Special) to libinit2.o(.ARM.Collect$$libinit$$0000002C) for __rt_lib_init_argv_1
    libinit.o(.ARM.Collect$$libinit$$00000000) refers (Special) to libinit2.o(.ARM.Collect$$libinit$$0000001B) for __rt_lib_init_atexit_1
    libinit.o(.ARM.Collect$$libinit$$00000000) refers (Special) to libinit2.o(.ARM.Collect$$libinit$$00000021) for __rt_lib_init_clock_1
    libinit.o(.ARM.Collect$$libinit$$00000000) refers (Special) to libinit2.o(.ARM.Collect$$libinit$$00000032) for __rt_lib_init_cpp_1
    libinit.o(.ARM.Collect$$libinit$$00000000) refers (Special) to libinit2.o(.ARM.Collect$$libinit$$00000030) for __rt_lib_init_exceptions_1
    libinit.o(.ARM.Collect$$libinit$$00000000) refers (Special) to libinit2.o(.ARM.Collect$$libinit$$00000002) for __rt_lib_init_fp_1
    libinit.o(.ARM.Collect$$libinit$$00000000) refers (Special) to libinit2.o(.ARM.Collect$$libinit$$0000001F) for __rt_lib_init_fp_trap_1
    libinit.o(.ARM.Collect$$libinit$$00000000) refers (Special) to libinit2.o(.ARM.Collect$$libinit$$00000023) for __rt_lib_init_getenv_1
    libinit.o(.ARM.Collect$$libinit$$00000000) refers (Special) to libinit2.o(.ARM.Collect$$libinit$$0000000A) for __rt_lib_init_heap_1
    libinit.o(.ARM.Collect$$libinit$$00000000) refers (Special) to libinit2.o(.ARM.Collect$$libinit$$00000011) for __rt_lib_init_lc_collate_1
    libinit.o(.ARM.Collect$$libinit$$00000000) refers (Special) to libinit2.o(.ARM.Collect$$libinit$$00000013) for __rt_lib_init_lc_ctype_1
    libinit.o(.ARM.Collect$$libinit$$00000000) refers (Special) to libinit2.o(.ARM.Collect$$libinit$$00000015) for __rt_lib_init_lc_monetary_1
    libinit.o(.ARM.Collect$$libinit$$00000000) refers (Special) to libinit2.o(.ARM.Collect$$libinit$$00000017) for __rt_lib_init_lc_numeric_1
    libinit.o(.ARM.Collect$$libinit$$00000000) refers (Special) to libinit2.o(.ARM.Collect$$libinit$$00000019) for __rt_lib_init_lc_time_1
    libinit.o(.ARM.Collect$$libinit$$00000000) refers (Special) to libinit2.o(.ARM.Collect$$libinit$$00000004) for __rt_lib_init_preinit_1
    libinit.o(.ARM.Collect$$libinit$$00000000) refers (Special) to libinit2.o(.ARM.Collect$$libinit$$0000000E) for __rt_lib_init_rand_1
    libinit.o(.ARM.Collect$$libinit$$00000000) refers (Special) to libinit2.o(.ARM.Collect$$libinit$$00000033) for __rt_lib_init_return
    libinit.o(.ARM.Collect$$libinit$$00000000) refers (Special) to libinit2.o(.ARM.Collect$$libinit$$0000001D) for __rt_lib_init_signal_1
    libinit.o(.ARM.Collect$$libinit$$00000000) refers (Special) to libinit2.o(.ARM.Collect$$libinit$$00000025) for __rt_lib_init_stdio_1
    libinit.o(.ARM.Collect$$libinit$$00000000) refers (Special) to libinit2.o(.ARM.Collect$$libinit$$0000000C) for __rt_lib_init_user_alloc_1
    libspace.o(.text) refers to libspace.o(.bss) for __libspace_start
    rtexit.o(.ARM.Collect$$rtexit$$00000000) refers (Special) to rtexit2.o(.ARM.Collect$$rtexit$$00000004) for __rt_exit_exit
    rtexit.o(.ARM.Collect$$rtexit$$00000000) refers (Special) to rtexit2.o(.ARM.Collect$$rtexit$$00000003) for __rt_exit_ls
    rtexit.o(.ARM.Collect$$rtexit$$00000000) refers (Special) to rtexit2.o(.ARM.Collect$$rtexit$$00000002) for __rt_exit_prels_1
    rtexit.o(.ARM.exidx) refers (Special) to rtexit2.o(.ARM.Collect$$rtexit$$00000004) for __rt_exit_exit
    rtexit.o(.ARM.exidx) refers (Special) to rtexit2.o(.ARM.Collect$$rtexit$$00000003) for __rt_exit_ls
    rtexit.o(.ARM.exidx) refers (Special) to rtexit2.o(.ARM.Collect$$rtexit$$00000002) for __rt_exit_prels_1
    rtexit.o(.ARM.exidx) refers to rtexit.o(.ARM.Collect$$rtexit$$00000000) for .ARM.Collect$$rtexit$$00000000
    rt_raise.o(.text) refers to __raise.o(.text) for __raise
    rt_raise.o(.text) refers to sys_exit.o(.text) for _sys_exit
    defsig_exit.o(.text) refers to sys_exit.o(.text) for _sys_exit
    defsig_fpe_inner.o(.text) refers to defsig_general.o(.text) for __default_signal_display
    libinit2.o(.ARM.Collect$$libinit$$00000010) refers to libinit2.o(.ARM.Collect$$libinit$$0000000F) for .ARM.Collect$$libinit$$0000000F
    libinit2.o(.ARM.Collect$$libinit$$00000012) refers to libinit2.o(.ARM.Collect$$libinit$$0000000F) for .ARM.Collect$$libinit$$0000000F
    libinit2.o(.ARM.Collect$$libinit$$00000014) refers to libinit2.o(.ARM.Collect$$libinit$$0000000F) for .ARM.Collect$$libinit$$0000000F
    libinit2.o(.ARM.Collect$$libinit$$00000016) refers to libinit2.o(.ARM.Collect$$libinit$$0000000F) for .ARM.Collect$$libinit$$0000000F
    libinit2.o(.ARM.Collect$$libinit$$00000018) refers to libinit2.o(.ARM.Collect$$libinit$$0000000F) for .ARM.Collect$$libinit$$0000000F
    libinit2.o(.ARM.Collect$$libinit$$00000026) refers to argv_veneer.o(.text) for __ARM_argv_veneer
    libinit2.o(.ARM.Collect$$libinit$$00000027) refers to argv_veneer.o(.text) for __ARM_argv_veneer
    sys_exit.o(.text) refers (Special) to use_no_semi.o(.text) for __I$use$semihosting
    sys_exit.o(.text) refers (Special) to indicate_semi.o(.text) for __semihosting_library_function
    rtexit2.o(.ARM.Collect$$rtexit$$00000003) refers to libshutdown.o(.ARM.Collect$$libshutdown$$00000000) for __rt_lib_shutdown
    rtexit2.o(.ARM.Collect$$rtexit$$00000004) refers to sys_exit.o(.text) for _sys_exit
    rtexit2.o(.ARM.exidx) refers to rtexit2.o(.ARM.Collect$$rtexit$$00000001) for .ARM.Collect$$rtexit$$00000001
    rtexit2.o(.ARM.exidx) refers to rtexit2.o(.ARM.Collect$$rtexit$$00000003) for .ARM.Collect$$rtexit$$00000003
    rtexit2.o(.ARM.exidx) refers to rtexit2.o(.ARM.Collect$$rtexit$$00000004) for .ARM.Collect$$rtexit$$00000004
    __raise.o(.text) refers to defsig.o(CL$$defsig) for __default_signal_handler
    defsig_general.o(.text) refers to sys_wrch.o(.text) for _ttywrch
    sys_wrch.o(.text) refers (Special) to use_no_semi.o(.text) for __I$use$semihosting
    sys_wrch.o(.text) refers (Special) to indicate_semi.o(.text) for __semihosting_library_function
    defsig.o(CL$$defsig) refers to defsig_fpe_inner.o(.text) for __rt_SIGFPE_inner
    defsig.o(CL$$defsig) refers to defsig_rtmem_inner.o(.text) for __rt_SIGRTMEM_inner
    _get_argv_nomalloc.o(.text) refers (Special) to hrguard.o(.text) for __heap_region$guard
    _get_argv_nomalloc.o(.text) refers to defsig_rtmem_outer.o(.text) for __rt_SIGRTMEM
    _get_argv_nomalloc.o(.text) refers to sys_command.o(.text) for _sys_command_string
    libshutdown.o(.ARM.Collect$$libshutdown$$00000000) refers (Special) to libshutdown2.o(.ARM.Collect$$libshutdown$$00000002) for __rt_lib_shutdown_cpp_1
    libshutdown.o(.ARM.Collect$$libshutdown$$00000000) refers (Special) to libshutdown2.o(.ARM.Collect$$libshutdown$$00000007) for __rt_lib_shutdown_fp_trap_1
    libshutdown.o(.ARM.Collect$$libshutdown$$00000000) refers (Special) to libshutdown2.o(.ARM.Collect$$libshutdown$$0000000F) for __rt_lib_shutdown_heap_1
    libshutdown.o(.ARM.Collect$$libshutdown$$00000000) refers (Special) to libshutdown2.o(.ARM.Collect$$libshutdown$$00000010) for __rt_lib_shutdown_return
    libshutdown.o(.ARM.Collect$$libshutdown$$00000000) refers (Special) to libshutdown2.o(.ARM.Collect$$libshutdown$$0000000A) for __rt_lib_shutdown_signal_1
    libshutdown.o(.ARM.Collect$$libshutdown$$00000000) refers (Special) to libshutdown2.o(.ARM.Collect$$libshutdown$$00000004) for __rt_lib_shutdown_stdio_1
    libshutdown.o(.ARM.Collect$$libshutdown$$00000000) refers (Special) to libshutdown2.o(.ARM.Collect$$libshutdown$$0000000C) for __rt_lib_shutdown_user_alloc_1
    sys_command.o(.text) refers (Special) to use_no_semi.o(.text) for __I$use$semihosting
    sys_command.o(.text) refers (Special) to indicate_semi.o(.text) for __semihosting_library_function
    defsig_abrt_inner.o(.text) refers to defsig_general.o(.text) for __default_signal_display
    defsig_rtred_inner.o(.text) refers to defsig_general.o(.text) for __default_signal_display
    defsig_rtmem_inner.o(.text) refers to defsig_general.o(.text) for __default_signal_display
    defsig_rtmem_outer.o(.text) refers to defsig_rtmem_inner.o(.text) for __rt_SIGRTMEM_inner
    defsig_rtmem_outer.o(.text) refers to defsig_exit.o(.text) for __sig_exit
    defsig_rtmem_formal.o(.text) refers to rt_raise.o(.text) for __rt_raise
    defsig_stak_inner.o(.text) refers to defsig_general.o(.text) for __default_signal_display
    defsig_pvfn_inner.o(.text) refers to defsig_general.o(.text) for __default_signal_display
    defsig_cppl_inner.o(.text) refers to defsig_general.o(.text) for __default_signal_display
    defsig_segv_inner.o(.text) refers to defsig_general.o(.text) for __default_signal_display
    defsig_other.o(.text) refers to defsig_general.o(.text) for __default_signal_display


==============================================================================

Removing Unused input sections from the image.

    Removing acdc.o(.rev16_text), (4 bytes).
    Removing acdc.o(.revsh_text), (4 bytes).
    Removing acdc.o(.constdata), (8 bytes).
    Removing assoc.o(.rev16_text), (4 bytes).
    Removing assoc.o(.revsh_text), (4 bytes).
    Removing assoc.o(i.compare_with_Number), (24 bytes).
    Removing assoc.o(.constdata), (8 bytes).
    Removing extra.o(.rev16_text), (4 bytes).
    Removing extra.o(.revsh_text), (4 bytes).
    Removing leds.o(.rev16_text), (4 bytes).
    Removing leds.o(.revsh_text), (4 bytes).
    Removing leds.o(i.customBlink), (148 bytes).
    Removing leds.o(i.ledblueBlink), (60 bytes).
    Removing leds.o(i.ledgreenBlink), (64 bytes).
    Removing leds.o(i.ledsOn), (36 bytes).
    Removing leds.o(.constdata), (16 bytes).
    Removing main.o(.rev16_text), (4 bytes).
    Removing main.o(.revsh_text), (4 bytes).
    Removing main.o(i.Receive), (48 bytes).
    Removing main.o(.constdata), (8 bytes).
    Removing pit.o(.rev16_text), (4 bytes).
    Removing pit.o(.revsh_text), (4 bytes).
    Removing pit.o(.constdata), (8 bytes).
    Removing tpm.o(.rev16_text), (4 bytes).
    Removing tpm.o(.revsh_text), (4 bytes).
    Removing tpm.o(i.__NVIC_SetPriority), (120 bytes).
    Removing tpm.o(i.tpmInitialize), (244 bytes).
    Removing uart.o(.rev16_text), (4 bytes).
    Removing uart.o(.revsh_text), (4 bytes).
    Removing uart.o(.constdata), (8 bytes).
    Removing transmission.o(.rev16_text), (4 bytes).
    Removing transmission.o(.revsh_text), (4 bytes).
    Removing transmission.o(i.GB_Read), (104 bytes).
    Removing transmission.o(i.GB_is_almost_full), (30 bytes).
    Removing transmission.o(.constdata), (8 bytes).
    Removing send.o(.rev16_text), (4 bytes).
    Removing send.o(.revsh_text), (4 bytes).
    Removing send.o(i.QS_Dequeue), (48 bytes).
    Removing send.o(.constdata), (8 bytes).
    Removing system_mkl25z4.o(.rev16_text), (4 bytes).
    Removing system_mkl25z4.o(.revsh_text), (4 bytes).
    Removing system_mkl25z4.o(i.SystemCoreClockUpdate), (348 bytes).
    Removing system_mkl25z4.o(i.__ARM_common_switch8), (28 bytes).

43 unused section(s) (total 1462 bytes) removed from the image.

==============================================================================

Image Symbol Table

    Local Symbols

    Symbol Name                              Value     Ov Type        Size  Object(Section)

    RESET                                    0x00000000   Section      192  startup_mkl25z4.o(RESET)
    ../clib/angel/boardlib.s                 0x00000000   Number         0  boardinit3.o ABSOLUTE
    ../clib/angel/boardlib.s                 0x00000000   Number         0  boardinit2.o ABSOLUTE
    ../clib/angel/boardlib.s                 0x00000000   Number         0  boardinit1.o ABSOLUTE
    ../clib/angel/boardlib.s                 0x00000000   Number         0  boardshut.o ABSOLUTE
    ../clib/angel/handlers.s                 0x00000000   Number         0  __scatter_copy.o ABSOLUTE
    ../clib/angel/handlers.s                 0x00000000   Number         0  __scatter_zi.o ABSOLUTE
    ../clib/angel/kernel.s                   0x00000000   Number         0  __rtentry2.o ABSOLUTE
    ../clib/angel/kernel.s                   0x00000000   Number         0  rtexit2.o ABSOLUTE
    ../clib/angel/kernel.s                   0x00000000   Number         0  __rtentry.o ABSOLUTE
    ../clib/angel/kernel.s                   0x00000000   Number         0  __rtentry4.o ABSOLUTE
    ../clib/angel/kernel.s                   0x00000000   Number         0  rtexit.o ABSOLUTE
    ../clib/angel/rt.s                       0x00000000   Number         0  rt_raise.o ABSOLUTE
    ../clib/angel/rt.s                       0x00000000   Number         0  aeabi_idiv0.o ABSOLUTE
    ../clib/angel/rt.s                       0x00000000   Number         0  rt_div0.o ABSOLUTE
    ../clib/angel/rt.s                       0x00000000   Number         0  aeabi_idiv0_sigfpe.o ABSOLUTE
    ../clib/angel/scatterp.s                 0x00000000   Number         0  __scatter.o ABSOLUTE
    ../clib/angel/startup.s                  0x00000000   Number         0  __main.o ABSOLUTE
    ../clib/angel/sys.s                      0x00000000   Number         0  indicate_semi.o ABSOLUTE
    ../clib/angel/sys.s                      0x00000000   Number         0  libspace.o ABSOLUTE
    ../clib/angel/sys.s                      0x00000000   Number         0  sys_stackheap_outer.o ABSOLUTE
    ../clib/angel/sys.s                      0x00000000   Number         0  tempstk.o ABSOLUTE
    ../clib/angel/sys.s                      0x00000000   Number         0  use_no_semi.o ABSOLUTE
    ../clib/angel/sysapp.c                   0x00000000   Number         0  sys_command.o ABSOLUTE
    ../clib/angel/sysapp.c                   0x00000000   Number         0  sys_exit.o ABSOLUTE
    ../clib/angel/sysapp.c                   0x00000000   Number         0  sys_wrch.o ABSOLUTE
    ../clib/armsys.c                         0x00000000   Number         0  no_argv.o ABSOLUTE
    ../clib/armsys.c                         0x00000000   Number         0  _get_argv_nomalloc.o ABSOLUTE
    ../clib/armsys.c                         0x00000000   Number         0  argv_veneer.o ABSOLUTE
    ../clib/division.s                       0x00000000   Number         0  aeabi_sdiv.o ABSOLUTE
    ../clib/division.s                       0x00000000   Number         0  aeabi_sdiv_div0.o ABSOLUTE
    ../clib/heapalloc.c                      0x00000000   Number         0  hrguard.o ABSOLUTE
    ../clib/heapaux.c                        0x00000000   Number         0  heapauxi.o ABSOLUTE
    ../clib/libinit.s                        0x00000000   Number         0  libshutdown.o ABSOLUTE
    ../clib/libinit.s                        0x00000000   Number         0  libinit2.o ABSOLUTE
    ../clib/libinit.s                        0x00000000   Number         0  libinit.o ABSOLUTE
    ../clib/libinit.s                        0x00000000   Number         0  libshutdown2.o ABSOLUTE
    ../clib/signal.c                         0x00000000   Number         0  defsig_cppl_inner.o ABSOLUTE
    ../clib/signal.c                         0x00000000   Number         0  defsig_rtmem_outer.o ABSOLUTE
    ../clib/signal.c                         0x00000000   Number         0  defsig_pvfn_inner.o ABSOLUTE
    ../clib/signal.c                         0x00000000   Number         0  defsig_stak_inner.o ABSOLUTE
    ../clib/signal.c                         0x00000000   Number         0  defsig_rtmem_formal.o ABSOLUTE
    ../clib/signal.c                         0x00000000   Number         0  defsig_rtmem_inner.o ABSOLUTE
    ../clib/signal.c                         0x00000000   Number         0  defsig_rtred_inner.o ABSOLUTE
    ../clib/signal.c                         0x00000000   Number         0  defsig_general.o ABSOLUTE
    ../clib/signal.c                         0x00000000   Number         0  __raise.o ABSOLUTE
    ../clib/signal.c                         0x00000000   Number         0  defsig_fpe_formal.o ABSOLUTE
    ../clib/signal.c                         0x00000000   Number         0  defsig_abrt_inner.o ABSOLUTE
    ../clib/signal.c                         0x00000000   Number         0  defsig_fpe_inner.o ABSOLUTE
    ../clib/signal.c                         0x00000000   Number         0  defsig_exit.o ABSOLUTE
    ../clib/signal.c                         0x00000000   Number         0  defsig_fpe_outer.o ABSOLUTE
    ../clib/signal.c                         0x00000000   Number         0  defsig_segv_inner.o ABSOLUTE
    ../clib/signal.c                         0x00000000   Number         0  defsig_other.o ABSOLUTE
    ../clib/signal.s                         0x00000000   Number         0  defsig.o ABSOLUTE
    ../clib/stdlib.c                         0x00000000   Number         0  exit.o ABSOLUTE
    ../fplib/cfplib/ddiv.c                   0x00000000   Number         0  ddiv.o ABSOLUTE
    ../fplib/cfplib/dmul.c                   0x00000000   Number         0  dmul.o ABSOLUTE
    ../fplib/cfplib/ffix.c                   0x00000000   Number         0  dfixui.o ABSOLUTE
    ../fplib/cfplib/fflt.c                   0x00000000   Number         0  dflti.o ABSOLUTE
    ../fplib/cfplib/fpinit.c                 0x00000000   Number         0  fpinit.o ABSOLUTE
    ../fplib/usenofp.s                       0x00000000   Number         0  usenofp.o ABSOLUTE
    RTE\Device\MKL25Z128xxx4\startup_MKL25Z4.s 0x00000000   Number         0  startup_mkl25z4.o ABSOLUTE
    RTE\Device\MKL25Z128xxx4\system_MKL25Z4.c 0x00000000   Number         0  system_mkl25z4.o ABSOLUTE
    RTE\\Device\\MKL25Z128xxx4\\system_MKL25Z4.c 0x00000000   Number         0  system_mkl25z4.o ABSOLUTE
    acdc.c                                   0x00000000   Number         0  acdc.o ABSOLUTE
    acdc.c                                   0x00000000   Number         0  acdc.o ABSOLUTE
    assoc.c                                  0x00000000   Number         0  assoc.o ABSOLUTE
    assoc.c                                  0x00000000   Number         0  assoc.o ABSOLUTE
    dc.s                                     0x00000000   Number         0  dc.o ABSOLUTE
    extra.c                                  0x00000000   Number         0  extra.o ABSOLUTE
    extra.c                                  0x00000000   Number         0  extra.o ABSOLUTE
    leds.c                                   0x00000000   Number         0  leds.o ABSOLUTE
    leds.c                                   0x00000000   Number         0  leds.o ABSOLUTE
    main.c                                   0x00000000   Number         0  main.o ABSOLUTE
    main.c                                   0x00000000   Number         0  main.o ABSOLUTE
    pit.c                                    0x00000000   Number         0  pit.o ABSOLUTE
    pit.c                                    0x00000000   Number         0  pit.o ABSOLUTE
    send.c                                   0x00000000   Number         0  send.o ABSOLUTE
    send.c                                   0x00000000   Number         0  send.o ABSOLUTE
    tpm.c                                    0x00000000   Number         0  tpm.o ABSOLUTE
    tpm.c                                    0x00000000   Number         0  tpm.o ABSOLUTE
    transmission.c                           0x00000000   Number         0  transmission.o ABSOLUTE
    transmission.c                           0x00000000   Number         0  transmission.o ABSOLUTE
    uart.c                                   0x00000000   Number         0  uart.o ABSOLUTE
    uart.c                                   0x00000000   Number         0  uart.o ABSOLUTE
    !!!main                                  0x000000c0   Section        8  __main.o(!!!main)
    !!!scatter                               0x000000c8   Section       60  __scatter.o(!!!scatter)
    !!handler_copy                           0x00000104   Section       26  __scatter_copy.o(!!handler_copy)
    !!handler_zi                             0x00000120   Section       28  __scatter_zi.o(!!handler_zi)
    .ARM.Collect$$libinit$$00000000          0x0000013c   Section        2  libinit.o(.ARM.Collect$$libinit$$00000000)
    .ARM.Collect$$libinit$$00000002          0x0000013e   Section        0  libinit2.o(.ARM.Collect$$libinit$$00000002)
    .ARM.Collect$$libinit$$00000004          0x0000013e   Section        0  libinit2.o(.ARM.Collect$$libinit$$00000004)
    .ARM.Collect$$libinit$$0000000A          0x0000013e   Section        0  libinit2.o(.ARM.Collect$$libinit$$0000000A)
    .ARM.Collect$$libinit$$0000000C          0x0000013e   Section        0  libinit2.o(.ARM.Collect$$libinit$$0000000C)
    .ARM.Collect$$libinit$$0000000E          0x0000013e   Section        0  libinit2.o(.ARM.Collect$$libinit$$0000000E)
    .ARM.Collect$$libinit$$00000011          0x0000013e   Section        0  libinit2.o(.ARM.Collect$$libinit$$00000011)
    .ARM.Collect$$libinit$$00000013          0x0000013e   Section        0  libinit2.o(.ARM.Collect$$libinit$$00000013)
    .ARM.Collect$$libinit$$00000015          0x0000013e   Section        0  libinit2.o(.ARM.Collect$$libinit$$00000015)
    .ARM.Collect$$libinit$$00000017          0x0000013e   Section        0  libinit2.o(.ARM.Collect$$libinit$$00000017)
    .ARM.Collect$$libinit$$00000019          0x0000013e   Section        0  libinit2.o(.ARM.Collect$$libinit$$00000019)
    .ARM.Collect$$libinit$$0000001B          0x0000013e   Section        0  libinit2.o(.ARM.Collect$$libinit$$0000001B)
    .ARM.Collect$$libinit$$0000001D          0x0000013e   Section        0  libinit2.o(.ARM.Collect$$libinit$$0000001D)
    .ARM.Collect$$libinit$$0000001F          0x0000013e   Section        0  libinit2.o(.ARM.Collect$$libinit$$0000001F)
    .ARM.Collect$$libinit$$00000021          0x0000013e   Section        0  libinit2.o(.ARM.Collect$$libinit$$00000021)
    .ARM.Collect$$libinit$$00000023          0x0000013e   Section        0  libinit2.o(.ARM.Collect$$libinit$$00000023)
    .ARM.Collect$$libinit$$00000025          0x0000013e   Section        0  libinit2.o(.ARM.Collect$$libinit$$00000025)
    .ARM.Collect$$libinit$$0000002C          0x0000013e   Section        0  libinit2.o(.ARM.Collect$$libinit$$0000002C)
    .ARM.Collect$$libinit$$0000002E          0x0000013e   Section        0  libinit2.o(.ARM.Collect$$libinit$$0000002E)
    .ARM.Collect$$libinit$$00000030          0x0000013e   Section        0  libinit2.o(.ARM.Collect$$libinit$$00000030)
    .ARM.Collect$$libinit$$00000032          0x0000013e   Section        0  libinit2.o(.ARM.Collect$$libinit$$00000032)
    .ARM.Collect$$libinit$$00000033          0x0000013e   Section        2  libinit2.o(.ARM.Collect$$libinit$$00000033)
    .ARM.Collect$$libshutdown$$00000000      0x00000140   Section        2  libshutdown.o(.ARM.Collect$$libshutdown$$00000000)
    .ARM.Collect$$libshutdown$$00000002      0x00000142   Section        0  libshutdown2.o(.ARM.Collect$$libshutdown$$00000002)
    .ARM.Collect$$libshutdown$$00000004      0x00000142   Section        0  libshutdown2.o(.ARM.Collect$$libshutdown$$00000004)
    .ARM.Collect$$libshutdown$$00000007      0x00000142   Section        0  libshutdown2.o(.ARM.Collect$$libshutdown$$00000007)
    .ARM.Collect$$libshutdown$$0000000A      0x00000142   Section        0  libshutdown2.o(.ARM.Collect$$libshutdown$$0000000A)
    .ARM.Collect$$libshutdown$$0000000C      0x00000142   Section        0  libshutdown2.o(.ARM.Collect$$libshutdown$$0000000C)
    .ARM.Collect$$libshutdown$$0000000F      0x00000142   Section        0  libshutdown2.o(.ARM.Collect$$libshutdown$$0000000F)
    .ARM.Collect$$libshutdown$$00000010      0x00000142   Section        2  libshutdown2.o(.ARM.Collect$$libshutdown$$00000010)
    .ARM.Collect$$rtentry$$00000000          0x00000144   Section        0  __rtentry.o(.ARM.Collect$$rtentry$$00000000)
    .ARM.Collect$$rtentry$$00000002          0x00000144   Section        0  __rtentry2.o(.ARM.Collect$$rtentry$$00000002)
    .ARM.Collect$$rtentry$$00000004          0x00000144   Section        6  __rtentry4.o(.ARM.Collect$$rtentry$$00000004)
    .ARM.Collect$$rtentry$$00000009          0x0000014a   Section        0  __rtentry2.o(.ARM.Collect$$rtentry$$00000009)
    .ARM.Collect$$rtentry$$0000000A          0x0000014a   Section        4  __rtentry2.o(.ARM.Collect$$rtentry$$0000000A)
    .ARM.Collect$$rtentry$$0000000C          0x0000014e   Section        0  __rtentry2.o(.ARM.Collect$$rtentry$$0000000C)
    .ARM.Collect$$rtentry$$0000000D          0x0000014e   Section        8  __rtentry2.o(.ARM.Collect$$rtentry$$0000000D)
    .ARM.Collect$$rtexit$$00000000           0x00000156   Section        2  rtexit.o(.ARM.Collect$$rtexit$$00000000)
    .ARM.Collect$$rtexit$$00000002           0x00000158   Section        0  rtexit2.o(.ARM.Collect$$rtexit$$00000002)
    .ARM.Collect$$rtexit$$00000003           0x00000158   Section        4  rtexit2.o(.ARM.Collect$$rtexit$$00000003)
    .ARM.Collect$$rtexit$$00000004           0x0000015c   Section        6  rtexit2.o(.ARM.Collect$$rtexit$$00000004)
    .text                                    0x00000164   Section       52  startup_mkl25z4.o(.text)
    .text                                    0x00000198   Section      346  aeabi_sdiv.o(.text)
    .text                                    0x000002f2   Section        0  heapauxi.o(.text)
    .text                                    0x000002f8   Section        0  dfixui.o(.text)
    .text                                    0x00000340   Section        0  dflti.o(.text)
    .text                                    0x00000398   Section       62  sys_stackheap_outer.o(.text)
    .text                                    0x000003d6   Section        0  exit.o(.text)
    .text                                    0x000003e8   Section        8  libspace.o(.text)
    .text                                    0x000003f0   Section        0  sys_exit.o(.text)
    .text                                    0x000003fc   Section        2  use_no_semi.o(.text)
    .text                                    0x000003fe   Section        0  indicate_semi.o(.text)
    x$fpl$usenofp                            0x000003fe   Section        0  usenofp.o(x$fpl$usenofp)
    .ARM.__at_0x400                          0x00000400   Section       16  startup_mkl25z4.o(.ARM.__at_0x400)
    .text                                    0x00000410   Section        0  ddiv.o(.text)
    .text                                    0x00000858   Section        0  dmul.o(.text)
    i.Critical_Section                       0x00000aa0   Section        0  main.o(i.Critical_Section)
    i.GB_Dequeue                             0x00000ab4   Section        0  transmission.o(i.GB_Dequeue)
    i.GB_Enqueue                             0x00000b74   Section        0  transmission.o(i.GB_Enqueue)
    i.GB_Init                                0x00000bec   Section        0  transmission.o(i.GB_Init)
    i.GB_Shift                               0x00000c1c   Section        0  transmission.o(i.GB_Shift)
    i.GB_is_empty                            0x00000c70   Section        0  transmission.o(i.GB_is_empty)
    i.GB_is_space                            0x00000c86   Section        0  transmission.o(i.GB_is_space)
    i.GB_read_first_el                       0x00000ca4   Section        0  transmission.o(i.GB_read_first_el)
    i.GB_recv_to                             0x00000cb2   Section        0  transmission.o(i.GB_recv_to)
    i.GB_should_move                         0x00000d44   Section        0  transmission.o(i.GB_should_move)
    i.GB_to_send                             0x00000d78   Section        0  transmission.o(i.GB_to_send)
    i.Initialization_List                    0x00000eb0   Section        0  main.o(i.Initialization_List)
    i.Load_Arrays                            0x00000ee0   Section        0  main.o(i.Load_Arrays)
    i.Load_Data                              0x00000ef0   Section        0  transmission.o(i.Load_Data)
    i.PIT_IRQHandler                         0x00000f28   Section        0  pit.o(i.PIT_IRQHandler)
    i.QS_Empty                               0x00000f74   Section        0  send.o(i.QS_Empty)
    i.QS_Enqueue                             0x00000f84   Section        0  send.o(i.QS_Enqueue)
    i.QS_Full                                0x00000fb2   Section        0  send.o(i.QS_Full)
    i.QS_Init                                0x00000fc2   Section        0  send.o(i.QS_Init)
    i.QS_Send                                0x00000fdc   Section        0  send.o(i.QS_Send)
    i.Q_Initialize                           0x0000107c   Section        0  send.o(i.Q_Initialize)
    i.Q_Receive                              0x0000108c   Section        0  send.o(i.Q_Receive)
    i.Q_Send                                 0x000010fc   Section        0  send.o(i.Q_Send)
    i.Receive_Data                           0x0000115c   Section        0  transmission.o(i.Receive_Data)
    i.Receive_Data2                          0x000012bc   Section        0  transmission.o(i.Receive_Data2)
    i.Set_Uarts_Functions                    0x0000141c   Section        0  main.o(i.Set_Uarts_Functions)
    i.SysTick_Handler                        0x0000143c   Section        0  pit.o(i.SysTick_Handler)
    i.SystemInit                             0x00001454   Section        0  system_mkl25z4.o(i.SystemInit)
    i.TPM0_IRQHandler                        0x00001518   Section        0  tpm.o(i.TPM0_IRQHandler)
    i.Transmit                               0x00001578   Section        0  main.o(i.Transmit)
    i.Transmit_Data                          0x000015c8   Section        0  transmission.o(i.Transmit_Data)
    i.UART0_IRQHandler                       0x0000187c   Section        0  uart.o(i.UART0_IRQHandler)
    i.__NVIC_ClearPendingIRQ                 0x000018f4   Section        0  pit.o(i.__NVIC_ClearPendingIRQ)
    __NVIC_ClearPendingIRQ                   0x000018f5   Thumb Code    18  pit.o(i.__NVIC_ClearPendingIRQ)
    i.__NVIC_ClearPendingIRQ                 0x0000190c   Section        0  tpm.o(i.__NVIC_ClearPendingIRQ)
    __NVIC_ClearPendingIRQ                   0x0000190d   Thumb Code    18  tpm.o(i.__NVIC_ClearPendingIRQ)
    i.__NVIC_ClearPendingIRQ                 0x00001924   Section        0  uart.o(i.__NVIC_ClearPendingIRQ)
    __NVIC_ClearPendingIRQ                   0x00001925   Thumb Code    18  uart.o(i.__NVIC_ClearPendingIRQ)
    i.__NVIC_EnableIRQ                       0x0000193c   Section        0  pit.o(i.__NVIC_EnableIRQ)
    __NVIC_EnableIRQ                         0x0000193d   Thumb Code    26  pit.o(i.__NVIC_EnableIRQ)
    i.__NVIC_SetPriority                     0x0000195c   Section        0  pit.o(i.__NVIC_SetPriority)
    __NVIC_SetPriority                       0x0000195d   Thumb Code   110  pit.o(i.__NVIC_SetPriority)
    i.acdcint                                0x000019d4   Section        0  acdc.o(i.acdcint)
    i.append_Confirmed                       0x00001b0c   Section        0  assoc.o(i.append_Confirmed)
    i.append_Information                     0x00001b30   Section        0  assoc.o(i.append_Information)
    i.arr_append                             0x00001b50   Section        0  transmission.o(i.arr_append)
    i.arr_get_ready                          0x00001c20   Section        0  transmission.o(i.arr_get_ready)
    i.check_Confirmed                        0x00001c54   Section        0  assoc.o(i.check_Confirmed)
    i.check_Information                      0x00001c8c   Section        0  assoc.o(i.check_Information)
    i.clear_arrey                            0x00001ccc   Section        0  transmission.o(i.clear_arrey)
    i.compare_Inf_Conf                       0x00001d04   Section        0  assoc.o(i.compare_Inf_Conf)
    i.delay_mc                               0x00001d70   Section        0  extra.o(i.delay_mc)
    i.detect_PC                              0x00001d8c   Section        0  assoc.o(i.detect_PC)
    i.get_Format                             0x00001f3c   Section        0  assoc.o(i.get_Format)
    i.get_acdc                               0x00001f5c   Section        0  acdc.o(i.get_acdc)
    i.get_pit_time                           0x00001fb0   Section        0  pit.o(i.get_pit_time)
    i.ledredBlink                            0x00001fbc   Section        0  leds.o(i.ledredBlink)
    i.ledsInitialize                         0x00001ffc   Section        0  leds.o(i.ledsInitialize)
    i.ledsOff                                0x000020a8   Section        0  leds.o(i.ledsOff)
    i.main                                   0x000020cc   Section        0  main.o(i.main)
    i.mass_append                            0x00002108   Section        0  transmission.o(i.mass_append)
    i.pitInitialize                          0x00002174   Section        0  pit.o(i.pitInitialize)
    i.prepare_Confirmed                      0x0000220c   Section        0  assoc.o(i.prepare_Confirmed)
    i.prepare_Information                    0x00002240   Section        0  assoc.o(i.prepare_Information)
    i.send_Information                       0x00002274   Section        0  assoc.o(i.send_Information)
    i.swiatlo                                0x000022ec   Section        0  acdc.o(i.swiatlo)
    i.systickInit                            0x0000236c   Section        0  pit.o(i.systickInit)
    i.uart0Initialize                        0x000023c8   Section        0  uart.o(i.uart0Initialize)
    i.uart12Initialize                       0x0000248c   Section        0  uart.o(i.uart12Initialize)
    .constdata                               0x000025f8   Section        8  tpm.o(.constdata)
    led_mask                                 0x000025f8   Data           8  tpm.o(.constdata)
    .constdata                               0x00002600   Section      128  ddiv.o(.constdata)
    ddiv_reciptbl                            0x00002600   Data         128  ddiv.o(.constdata)
    .data                                    0x1ffff000   Section       17  main.o(.data)
    .data                                    0x1ffff014   Section        5  pit.o(.data)
    .data                                    0x1ffff01c   Section       12  uart.o(.data)
    .data                                    0x1ffff028   Section        8  transmission.o(.data)
    .data                                    0x1ffff030   Section        4  system_mkl25z4.o(.data)
    .bss                                     0x1ffff034   Section      144  assoc.o(.bss)
    .bss                                     0x1ffff0c4   Section     5500  transmission.o(.bss)
    .bss                                     0x20000640   Section       28  send.o(.bss)
    .bss                                     0x2000065c   Section       96  libspace.o(.bss)
    HEAP                                     0x200006c0   Section        0  startup_mkl25z4.o(HEAP)
    STACK                                    0x200006c0   Section     1024  startup_mkl25z4.o(STACK)
    Heap_Mem                                 0x200006c0   Data           0  startup_mkl25z4.o(HEAP)
    Stack_Mem                                0x200006c0   Data        1024  startup_mkl25z4.o(STACK)
    __initial_sp                             0x20000ac0   Data           0  startup_mkl25z4.o(STACK)

    Global Symbols

    Symbol Name                              Value     Ov Type        Size  Object(Section)

    BuildAttributes$$THM_ISAv3M$S$PE$A:L22$X:L11$S22$IEEE1$IW$USESV6$~STKCKD$USESV7$~SHL$OSPACE$ROPI$EBA8$UX$STANDARDLIB$REQ8$PRES8$EABIv2 0x00000000   Number         0  anon$$obj.o ABSOLUTE
    __ARM_use_no_argv                        0x00000000   Number         0  main.o ABSOLUTE
    __Vectors                                0x00000000   Data           4  startup_mkl25z4.o(RESET)
    __ARM_exceptions_init                     - Undefined Weak Reference
    __alloca_initialize                       - Undefined Weak Reference
    __arm_preinit_                            - Undefined Weak Reference
    __cpp_initialize__aeabi_                  - Undefined Weak Reference
    __cxa_finalize                            - Undefined Weak Reference
    __rt_locale                               - Undefined Weak Reference
    __sigvec_lookup                           - Undefined Weak Reference
    _atexit_init                              - Undefined Weak Reference
    _call_atexit_fns                          - Undefined Weak Reference
    _clock_init                               - Undefined Weak Reference
    _fp_trap_init                             - Undefined Weak Reference
    _fp_trap_shutdown                         - Undefined Weak Reference
    _get_lc_collate                           - Undefined Weak Reference
    _get_lc_ctype                             - Undefined Weak Reference
    _get_lc_monetary                          - Undefined Weak Reference
    _get_lc_numeric                           - Undefined Weak Reference
    _get_lc_time                              - Undefined Weak Reference
    _getenv_init                              - Undefined Weak Reference
    _handle_redirection                       - Undefined Weak Reference
    _init_alloc                               - Undefined Weak Reference
    _init_user_alloc                          - Undefined Weak Reference
    _initio                                   - Undefined Weak Reference
    _rand_init                                - Undefined Weak Reference
    _signal_finish                            - Undefined Weak Reference
    _signal_init                              - Undefined Weak Reference
    _terminate_alloc                          - Undefined Weak Reference
    _terminate_user_alloc                     - Undefined Weak Reference
    _terminateio                              - Undefined Weak Reference
    __Vectors_End                            0x000000c0   Data           0  startup_mkl25z4.o(RESET)
    __Vectors_Size                           0x000000c0   Number         0  startup_mkl25z4.o ABSOLUTE
    __main                                   0x000000c1   Thumb Code     8  __main.o(!!!main)
    __scatterload                            0x000000c9   Thumb Code     0  __scatter.o(!!!scatter)
    __scatterload_rt2                        0x000000c9   Thumb Code    52  __scatter.o(!!!scatter)
    __scatterload_rt2_thumb_only             0x000000c9   Thumb Code     0  __scatter.o(!!!scatter)
    __scatterload_null                       0x000000d9   Thumb Code     0  __scatter.o(!!!scatter)
    __scatterload_copy                       0x00000105   Thumb Code    26  __scatter_copy.o(!!handler_copy)
    __scatterload_zeroinit                   0x00000121   Thumb Code    28  __scatter_zi.o(!!handler_zi)
    __rt_lib_init                            0x0000013d   Thumb Code     0  libinit.o(.ARM.Collect$$libinit$$00000000)
    __rt_lib_init_alloca_1                   0x0000013f   Thumb Code     0  libinit2.o(.ARM.Collect$$libinit$$0000002E)
    __rt_lib_init_argv_1                     0x0000013f   Thumb Code     0  libinit2.o(.ARM.Collect$$libinit$$0000002C)
    __rt_lib_init_atexit_1                   0x0000013f   Thumb Code     0  libinit2.o(.ARM.Collect$$libinit$$0000001B)
    __rt_lib_init_clock_1                    0x0000013f   Thumb Code     0  libinit2.o(.ARM.Collect$$libinit$$00000021)
    __rt_lib_init_cpp_1                      0x0000013f   Thumb Code     0  libinit2.o(.ARM.Collect$$libinit$$00000032)
    __rt_lib_init_exceptions_1               0x0000013f   Thumb Code     0  libinit2.o(.ARM.Collect$$libinit$$00000030)
    __rt_lib_init_fp_1                       0x0000013f   Thumb Code     0  libinit2.o(.ARM.Collect$$libinit$$00000002)
    __rt_lib_init_fp_trap_1                  0x0000013f   Thumb Code     0  libinit2.o(.ARM.Collect$$libinit$$0000001F)
    __rt_lib_init_getenv_1                   0x0000013f   Thumb Code     0  libinit2.o(.ARM.Collect$$libinit$$00000023)
    __rt_lib_init_heap_1                     0x0000013f   Thumb Code     0  libinit2.o(.ARM.Collect$$libinit$$0000000A)
    __rt_lib_init_lc_collate_1               0x0000013f   Thumb Code     0  libinit2.o(.ARM.Collect$$libinit$$00000011)
    __rt_lib_init_lc_ctype_1                 0x0000013f   Thumb Code     0  libinit2.o(.ARM.Collect$$libinit$$00000013)
    __rt_lib_init_lc_monetary_1              0x0000013f   Thumb Code     0  libinit2.o(.ARM.Collect$$libinit$$00000015)
    __rt_lib_init_lc_numeric_1               0x0000013f   Thumb Code     0  libinit2.o(.ARM.Collect$$libinit$$00000017)
    __rt_lib_init_lc_time_1                  0x0000013f   Thumb Code     0  libinit2.o(.ARM.Collect$$libinit$$00000019)
    __rt_lib_init_preinit_1                  0x0000013f   Thumb Code     0  libinit2.o(.ARM.Collect$$libinit$$00000004)
    __rt_lib_init_rand_1                     0x0000013f   Thumb Code     0  libinit2.o(.ARM.Collect$$libinit$$0000000E)
    __rt_lib_init_return                     0x0000013f   Thumb Code     0  libinit2.o(.ARM.Collect$$libinit$$00000033)
    __rt_lib_init_signal_1                   0x0000013f   Thumb Code     0  libinit2.o(.ARM.Collect$$libinit$$0000001D)
    __rt_lib_init_stdio_1                    0x0000013f   Thumb Code     0  libinit2.o(.ARM.Collect$$libinit$$00000025)
    __rt_lib_init_user_alloc_1               0x0000013f   Thumb Code     0  libinit2.o(.ARM.Collect$$libinit$$0000000C)
    __rt_lib_shutdown                        0x00000141   Thumb Code     0  libshutdown.o(.ARM.Collect$$libshutdown$$00000000)
    __rt_lib_shutdown_cpp_1                  0x00000143   Thumb Code     0  libshutdown2.o(.ARM.Collect$$libshutdown$$00000002)
    __rt_lib_shutdown_fp_trap_1              0x00000143   Thumb Code     0  libshutdown2.o(.ARM.Collect$$libshutdown$$00000007)
    __rt_lib_shutdown_heap_1                 0x00000143   Thumb Code     0  libshutdown2.o(.ARM.Collect$$libshutdown$$0000000F)
    __rt_lib_shutdown_return                 0x00000143   Thumb Code     0  libshutdown2.o(.ARM.Collect$$libshutdown$$00000010)
    __rt_lib_shutdown_signal_1               0x00000143   Thumb Code     0  libshutdown2.o(.ARM.Collect$$libshutdown$$0000000A)
    __rt_lib_shutdown_stdio_1                0x00000143   Thumb Code     0  libshutdown2.o(.ARM.Collect$$libshutdown$$00000004)
    __rt_lib_shutdown_user_alloc_1           0x00000143   Thumb Code     0  libshutdown2.o(.ARM.Collect$$libshutdown$$0000000C)
    __rt_entry                               0x00000145   Thumb Code     0  __rtentry.o(.ARM.Collect$$rtentry$$00000000)
    __rt_entry_presh_1                       0x00000145   Thumb Code     0  __rtentry2.o(.ARM.Collect$$rtentry$$00000002)
    __rt_entry_sh                            0x00000145   Thumb Code     0  __rtentry4.o(.ARM.Collect$$rtentry$$00000004)
    __rt_entry_li                            0x0000014b   Thumb Code     0  __rtentry2.o(.ARM.Collect$$rtentry$$0000000A)
    __rt_entry_postsh_1                      0x0000014b   Thumb Code     0  __rtentry2.o(.ARM.Collect$$rtentry$$00000009)
    __rt_entry_main                          0x0000014f   Thumb Code     0  __rtentry2.o(.ARM.Collect$$rtentry$$0000000D)
    __rt_entry_postli_1                      0x0000014f   Thumb Code     0  __rtentry2.o(.ARM.Collect$$rtentry$$0000000C)
    __rt_exit                                0x00000157   Thumb Code     0  rtexit.o(.ARM.Collect$$rtexit$$00000000)
    __rt_exit_ls                             0x00000159   Thumb Code     0  rtexit2.o(.ARM.Collect$$rtexit$$00000003)
    __rt_exit_prels_1                        0x00000159   Thumb Code     0  rtexit2.o(.ARM.Collect$$rtexit$$00000002)
    __rt_exit_exit                           0x0000015d   Thumb Code     0  rtexit2.o(.ARM.Collect$$rtexit$$00000004)
    Reset_Handler                            0x00000165   Thumb Code     8  startup_mkl25z4.o(.text)
    NMI_Handler                              0x0000016d   Thumb Code     2  startup_mkl25z4.o(.text)
    HardFault_Handler                        0x0000016f   Thumb Code     2  startup_mkl25z4.o(.text)
    SVC_Handler                              0x00000171   Thumb Code     2  startup_mkl25z4.o(.text)
    PendSV_Handler                           0x00000173   Thumb Code     2  startup_mkl25z4.o(.text)
    ADC0_IRQHandler                          0x00000177   Thumb Code     0  startup_mkl25z4.o(.text)
    CMP0_IRQHandler                          0x00000177   Thumb Code     0  startup_mkl25z4.o(.text)
    DAC0_IRQHandler                          0x00000177   Thumb Code     0  startup_mkl25z4.o(.text)
    DMA0_IRQHandler                          0x00000177   Thumb Code     0  startup_mkl25z4.o(.text)
    DMA1_IRQHandler                          0x00000177   Thumb Code     0  startup_mkl25z4.o(.text)
    DMA2_IRQHandler                          0x00000177   Thumb Code     0  startup_mkl25z4.o(.text)
    DMA3_IRQHandler                          0x00000177   Thumb Code     0  startup_mkl25z4.o(.text)
    DefaultISR                               0x00000177   Thumb Code     0  startup_mkl25z4.o(.text)
    FTFA_IRQHandler                          0x00000177   Thumb Code     0  startup_mkl25z4.o(.text)
    I2C0_IRQHandler                          0x00000177   Thumb Code     0  startup_mkl25z4.o(.text)
    I2C1_IRQHandler                          0x00000177   Thumb Code     0  startup_mkl25z4.o(.text)
    LLW_IRQHandler                           0x00000177   Thumb Code     0  startup_mkl25z4.o(.text)
    LPTimer_IRQHandler                       0x00000177   Thumb Code     0  startup_mkl25z4.o(.text)
    LVD_LVW_IRQHandler                       0x00000177   Thumb Code     0  startup_mkl25z4.o(.text)
    MCG_IRQHandler                           0x00000177   Thumb Code     0  startup_mkl25z4.o(.text)
    PORTA_IRQHandler                         0x00000177   Thumb Code     0  startup_mkl25z4.o(.text)
    PORTD_IRQHandler                         0x00000177   Thumb Code     0  startup_mkl25z4.o(.text)
    RTC_IRQHandler                           0x00000177   Thumb Code     0  startup_mkl25z4.o(.text)
    RTC_Seconds_IRQHandler                   0x00000177   Thumb Code     0  startup_mkl25z4.o(.text)
    Reserved20_IRQHandler                    0x00000177   Thumb Code     0  startup_mkl25z4.o(.text)
    Reserved39_IRQHandler                    0x00000177   Thumb Code     0  startup_mkl25z4.o(.text)
    Reserved45_IRQHandler                    0x00000177   Thumb Code     0  startup_mkl25z4.o(.text)
    SPI0_IRQHandler                          0x00000177   Thumb Code     0  startup_mkl25z4.o(.text)
    SPI1_IRQHandler                          0x00000177   Thumb Code     0  startup_mkl25z4.o(.text)
    TPM1_IRQHandler                          0x00000177   Thumb Code     0  startup_mkl25z4.o(.text)
    TPM2_IRQHandler                          0x00000177   Thumb Code     0  startup_mkl25z4.o(.text)
    TSI0_IRQHandler                          0x00000177   Thumb Code     0  startup_mkl25z4.o(.text)
    UART1_IRQHandler                         0x00000177   Thumb Code     0  startup_mkl25z4.o(.text)
    UART2_IRQHandler                         0x00000177   Thumb Code     0  startup_mkl25z4.o(.text)
    USB0_IRQHandler                          0x00000177   Thumb Code     0  startup_mkl25z4.o(.text)
    __user_initial_stackheap                 0x00000179   Thumb Code     0  startup_mkl25z4.o(.text)
    __aeabi_uidiv                            0x00000199   Thumb Code     0  aeabi_sdiv.o(.text)
    __aeabi_uidivmod                         0x00000199   Thumb Code    20  aeabi_sdiv.o(.text)
    __aeabi_idiv                             0x000001ad   Thumb Code     0  aeabi_sdiv.o(.text)
    __aeabi_idivmod                          0x000001ad   Thumb Code   326  aeabi_sdiv.o(.text)
    __use_two_region_memory                  0x000002f3   Thumb Code     2  heapauxi.o(.text)
    __rt_heap_escrow$2region                 0x000002f5   Thumb Code     2  heapauxi.o(.text)
    __rt_heap_expand$2region                 0x000002f7   Thumb Code     2  heapauxi.o(.text)
    __aeabi_d2uiz                            0x000002f9   Thumb Code     0  dfixui.o(.text)
    _dfixu                                   0x000002f9   Thumb Code    68  dfixui.o(.text)
    __aeabi_i2d_normalise                    0x00000341   Thumb Code    66  dflti.o(.text)
    __aeabi_i2d                              0x00000383   Thumb Code    16  dflti.o(.text)
    _dflt                                    0x00000383   Thumb Code     0  dflti.o(.text)
    __aeabi_ui2d                             0x00000393   Thumb Code     6  dflti.o(.text)
    _dfltu                                   0x00000393   Thumb Code     0  dflti.o(.text)
    __user_setup_stackheap                   0x00000399   Thumb Code    62  sys_stackheap_outer.o(.text)
    exit                                     0x000003d7   Thumb Code    16  exit.o(.text)
    __user_libspace                          0x000003e9   Thumb Code     8  libspace.o(.text)
    __user_perproc_libspace                  0x000003e9   Thumb Code     0  libspace.o(.text)
    __user_perthread_libspace                0x000003e9   Thumb Code     0  libspace.o(.text)
    _sys_exit                                0x000003f1   Thumb Code     8  sys_exit.o(.text)
    __I$use$semihosting                      0x000003fd   Thumb Code     0  use_no_semi.o(.text)
    __use_no_semihosting_swi                 0x000003fd   Thumb Code     2  use_no_semi.o(.text)
    __I$use$fp                               0x000003fe   Number         0  usenofp.o(x$fpl$usenofp)
    __semihosting_library_function           0x000003ff   Thumb Code     0  indicate_semi.o(.text)
    __aeabi_ddiv                             0x00000411   Thumb Code     0  ddiv.o(.text)
    _ddiv                                    0x00000411   Thumb Code  1072  ddiv.o(.text)
    _drdiv                                   0x00000841   Thumb Code    20  ddiv.o(.text)
    __aeabi_dmul                             0x00000859   Thumb Code     0  dmul.o(.text)
    _dmul                                    0x00000859   Thumb Code   558  dmul.o(.text)
    Critical_Section                         0x00000aa1   Thumb Code    16  main.o(i.Critical_Section)
    GB_Dequeue                               0x00000ab5   Thumb Code   186  transmission.o(i.GB_Dequeue)
    GB_Enqueue                               0x00000b75   Thumb Code   120  transmission.o(i.GB_Enqueue)
    GB_Init                                  0x00000bed   Thumb Code    48  transmission.o(i.GB_Init)
    GB_Shift                                 0x00000c1d   Thumb Code    84  transmission.o(i.GB_Shift)
    GB_is_empty                              0x00000c71   Thumb Code    22  transmission.o(i.GB_is_empty)
    GB_is_space                              0x00000c87   Thumb Code    30  transmission.o(i.GB_is_space)
    GB_read_first_el                         0x00000ca5   Thumb Code    14  transmission.o(i.GB_read_first_el)
    GB_recv_to                               0x00000cb3   Thumb Code   146  transmission.o(i.GB_recv_to)
    GB_should_move                           0x00000d45   Thumb Code    46  transmission.o(i.GB_should_move)
    GB_to_send                               0x00000d79   Thumb Code   294  transmission.o(i.GB_to_send)
    Initialization_List                      0x00000eb1   Thumb Code    42  main.o(i.Initialization_List)
    Load_Arrays                              0x00000ee1   Thumb Code    10  main.o(i.Load_Arrays)
    Load_Data                                0x00000ef1   Thumb Code    50  transmission.o(i.Load_Data)
    PIT_IRQHandler                           0x00000f29   Thumb Code    68  pit.o(i.PIT_IRQHandler)
    QS_Empty                                 0x00000f75   Thumb Code    16  send.o(i.QS_Empty)
    QS_Enqueue                               0x00000f85   Thumb Code    46  send.o(i.QS_Enqueue)
    QS_Full                                  0x00000fb3   Thumb Code    16  send.o(i.QS_Full)
    QS_Init                                  0x00000fc3   Thumb Code    24  send.o(i.QS_Init)
    QS_Send                                  0x00000fdd   Thumb Code   146  send.o(i.QS_Send)
    Q_Initialize                             0x0000107d   Thumb Code    10  send.o(i.Q_Initialize)
    Q_Receive                                0x0000108d   Thumb Code   100  send.o(i.Q_Receive)
    Q_Send                                   0x000010fd   Thumb Code    84  send.o(i.Q_Send)
    Receive_Data                             0x0000115d   Thumb Code   334  transmission.o(i.Receive_Data)
    Receive_Data2                            0x000012bd   Thumb Code   334  transmission.o(i.Receive_Data2)
    Set_Uarts_Functions                      0x0000141d   Thumb Code    18  main.o(i.Set_Uarts_Functions)
    SysTick_Handler                          0x0000143d   Thumb Code    18  pit.o(i.SysTick_Handler)
    SystemInit                               0x00001455   Thumb Code   168  system_mkl25z4.o(i.SystemInit)
    TPM0_IRQHandler                          0x00001519   Thumb Code    76  tpm.o(i.TPM0_IRQHandler)
    Transmit                                 0x00001579   Thumb Code    66  main.o(i.Transmit)
    Transmit_Data                            0x000015c9   Thumb Code   646  transmission.o(i.Transmit_Data)
    UART0_IRQHandler                         0x0000187d   Thumb Code   104  uart.o(i.UART0_IRQHandler)
    acdcint                                  0x000019d5   Thumb Code   304  acdc.o(i.acdcint)
    append_Confirmed                         0x00001b0d   Thumb Code    32  assoc.o(i.append_Confirmed)
    append_Information                       0x00001b31   Thumb Code    28  assoc.o(i.append_Information)
    arr_append                               0x00001b51   Thumb Code   206  transmission.o(i.arr_append)
    arr_get_ready                            0x00001c21   Thumb Code    36  transmission.o(i.arr_get_ready)
    check_Confirmed                          0x00001c55   Thumb Code    50  assoc.o(i.check_Confirmed)
    check_Information                        0x00001c8d   Thumb Code    60  assoc.o(i.check_Information)
    clear_arrey                              0x00001ccd   Thumb Code    54  transmission.o(i.clear_arrey)
    compare_Inf_Conf                         0x00001d05   Thumb Code    98  assoc.o(i.compare_Inf_Conf)
    delay_mc                                 0x00001d71   Thumb Code    24  extra.o(i.delay_mc)
    detect_PC                                0x00001d8d   Thumb Code   398  assoc.o(i.detect_PC)
    get_Format                               0x00001f3d   Thumb Code    32  assoc.o(i.get_Format)
    get_acdc                                 0x00001f5d   Thumb Code    72  acdc.o(i.get_acdc)
    get_pit_time                             0x00001fb1   Thumb Code     6  pit.o(i.get_pit_time)
    ledredBlink                              0x00001fbd   Thumb Code    58  leds.o(i.ledredBlink)
    ledsInitialize                           0x00001ffd   Thumb Code   154  leds.o(i.ledsInitialize)
    ledsOff                                  0x000020a9   Thumb Code    32  leds.o(i.ledsOff)
    main                                     0x000020cd   Thumb Code    56  main.o(i.main)
    mass_append                              0x00002109   Thumb Code   108  transmission.o(i.mass_append)
    pitInitialize                            0x00002175   Thumb Code   136  pit.o(i.pitInitialize)
    prepare_Confirmed                        0x0000220d   Thumb Code    48  assoc.o(i.prepare_Confirmed)
    prepare_Information                      0x00002241   Thumb Code    48  assoc.o(i.prepare_Information)
    send_Information                         0x00002275   Thumb Code   112  assoc.o(i.send_Information)
    swiatlo                                  0x000022ed   Thumb Code   106  acdc.o(i.swiatlo)
    systickInit                              0x0000236d   Thumb Code    78  pit.o(i.systickInit)
    uart0Initialize                          0x000023c9   Thumb Code   176  uart.o(i.uart0Initialize)
    uart12Initialize                         0x0000248d   Thumb Code   332  uart.o(i.uart12Initialize)
    Region$$Table$$Base                      0x00002680   Number         0  anon$$obj.o(Region$$Table)
    Region$$Table$$Limit                     0x000026a0   Number         0  anon$$obj.o(Region$$Table)
    czas                                     0x1ffff000   Data           4  main.o(.data)
    count                                    0x1ffff004   Data           4  main.o(.data)
    wartosc                                  0x1ffff008   Data           1  main.o(.data)
    counting                                 0x1ffff009   Data           1  main.o(.data)
    display                                  0x1ffff00a   Data           1  main.o(.data)
    received                                 0x1ffff00b   Data           1  main.o(.data)
    received1                                0x1ffff00c   Data           1  main.o(.data)
    received2                                0x1ffff00d   Data           1  main.o(.data)
    transmit                                 0x1ffff00e   Data           1  main.o(.data)
    transmit1                                0x1ffff00f   Data           1  main.o(.data)
    transmit2                                0x1ffff010   Data           1  main.o(.data)
    time                                     0x1ffff014   Data           4  pit.o(.data)
    calculate                                0x1ffff018   Data           1  pit.o(.data)
    baud_rate0                               0x1ffff01c   Data           4  uart.o(.data)
    baud_rate1                               0x1ffff020   Data           4  uart.o(.data)
    baud_rate2                               0x1ffff024   Data           4  uart.o(.data)
    tx_state                                 0x1ffff028   Data           1  transmission.o(.data)
    tx_state2                                0x1ffff029   Data           1  transmission.o(.data)
    rx_state                                 0x1ffff02a   Data           1  transmission.o(.data)
    rx_state2                                0x1ffff02b   Data           1  transmission.o(.data)
    board_state                              0x1ffff02c   Data           1  transmission.o(.data)
    uart0_state                              0x1ffff02d   Data           1  transmission.o(.data)
    uart1_state                              0x1ffff02e   Data           1  transmission.o(.data)
    uart2_state                              0x1ffff02f   Data           1  transmission.o(.data)
    SystemCoreClock                          0x1ffff030   Data           4  system_mkl25z4.o(.data)
    Confirmed                                0x1ffff034   Data          72  assoc.o(.bss)
    Member                                   0x1ffff07c   Data          72  assoc.o(.bss)
    GenBuff                                  0x1ffff0c4   Data        4140  transmission.o(.bss)
    Arr0                                     0x200000f0   Data         272  transmission.o(.bss)
    Arr1                                     0x20000200   Data         272  transmission.o(.bss)
    Arr2                                     0x20000310   Data         272  transmission.o(.bss)
    Arr3                                     0x20000420   Data         272  transmission.o(.bss)
    Pit_priv                                 0x20000530   Data         272  transmission.o(.bss)
    SndBuff                                  0x20000640   Data          28  send.o(.bss)
    __libspace_start                         0x2000065c   Data          96  libspace.o(.bss)
    __temporary_stack_top$libspace           0x200006bc   Data           0  libspace.o(.bss)



==============================================================================

Memory Map of the image

  Image Entry point : 0x00000165

  Load Region LR_1 (Base: 0x00000000, Size: 0x000026d4, Max: 0xffffffff, ABSOLUTE)

    Execution Region ER_RO (Exec base: 0x00000000, Load base: 0x00000000, Size: 0x000026a0, Max: 0xffffffff, ABSOLUTE)

    Exec Addr    Load Addr    Size         Type   Attr      Idx    E Section Name        Object

    0x00000000   0x00000000   0x000000c0   Data   RO          716    RESET               startup_mkl25z4.o
    0x000000c0   0x000000c0   0x00000008   Code   RO          766  * !!!main             c_p.l(__main.o)
    0x000000c8   0x000000c8   0x0000003c   Code   RO          945    !!!scatter          c_p.l(__scatter.o)
    0x00000104   0x00000104   0x0000001a   Code   RO          947    !!handler_copy      c_p.l(__scatter_copy.o)
    0x0000011e   0x0000011e   0x00000002   PAD
    0x00000120   0x00000120   0x0000001c   Code   RO          949    !!handler_zi        c_p.l(__scatter_zi.o)
    0x0000013c   0x0000013c   0x00000002   Code   RO          814    .ARM.Collect$$libinit$$00000000  c_p.l(libinit.o)
    0x0000013e   0x0000013e   0x00000000   Code   RO          828    .ARM.Collect$$libinit$$00000002  c_p.l(libinit2.o)
    0x0000013e   0x0000013e   0x00000000   Code   RO          830    .ARM.Collect$$libinit$$00000004  c_p.l(libinit2.o)
    0x0000013e   0x0000013e   0x00000000   Code   RO          833    .ARM.Collect$$libinit$$0000000A  c_p.l(libinit2.o)
    0x0000013e   0x0000013e   0x00000000   Code   RO          835    .ARM.Collect$$libinit$$0000000C  c_p.l(libinit2.o)
    0x0000013e   0x0000013e   0x00000000   Code   RO          837    .ARM.Collect$$libinit$$0000000E  c_p.l(libinit2.o)
    0x0000013e   0x0000013e   0x00000000   Code   RO          840    .ARM.Collect$$libinit$$00000011  c_p.l(libinit2.o)
    0x0000013e   0x0000013e   0x00000000   Code   RO          842    .ARM.Collect$$libinit$$00000013  c_p.l(libinit2.o)
    0x0000013e   0x0000013e   0x00000000   Code   RO          844    .ARM.Collect$$libinit$$00000015  c_p.l(libinit2.o)
    0x0000013e   0x0000013e   0x00000000   Code   RO          846    .ARM.Collect$$libinit$$00000017  c_p.l(libinit2.o)
    0x0000013e   0x0000013e   0x00000000   Code   RO          848    .ARM.Collect$$libinit$$00000019  c_p.l(libinit2.o)
    0x0000013e   0x0000013e   0x00000000   Code   RO          850    .ARM.Collect$$libinit$$0000001B  c_p.l(libinit2.o)
    0x0000013e   0x0000013e   0x00000000   Code   RO          852    .ARM.Collect$$libinit$$0000001D  c_p.l(libinit2.o)
    0x0000013e   0x0000013e   0x00000000   Code   RO          854    .ARM.Collect$$libinit$$0000001F  c_p.l(libinit2.o)
    0x0000013e   0x0000013e   0x00000000   Code   RO          856    .ARM.Collect$$libinit$$00000021  c_p.l(libinit2.o)
    0x0000013e   0x0000013e   0x00000000   Code   RO          858    .ARM.Collect$$libinit$$00000023  c_p.l(libinit2.o)
    0x0000013e   0x0000013e   0x00000000   Code   RO          860    .ARM.Collect$$libinit$$00000025  c_p.l(libinit2.o)
    0x0000013e   0x0000013e   0x00000000   Code   RO          864    .ARM.Collect$$libinit$$0000002C  c_p.l(libinit2.o)
    0x0000013e   0x0000013e   0x00000000   Code   RO          866    .ARM.Collect$$libinit$$0000002E  c_p.l(libinit2.o)
    0x0000013e   0x0000013e   0x00000000   Code   RO          868    .ARM.Collect$$libinit$$00000030  c_p.l(libinit2.o)
    0x0000013e   0x0000013e   0x00000000   Code   RO          870    .ARM.Collect$$libinit$$00000032  c_p.l(libinit2.o)
    0x0000013e   0x0000013e   0x00000002   Code   RO          871    .ARM.Collect$$libinit$$00000033  c_p.l(libinit2.o)
    0x00000140   0x00000140   0x00000002   Code   RO          902    .ARM.Collect$$libshutdown$$00000000  c_p.l(libshutdown.o)
    0x00000142   0x00000142   0x00000000   Code   RO          928    .ARM.Collect$$libshutdown$$00000002  c_p.l(libshutdown2.o)
    0x00000142   0x00000142   0x00000000   Code   RO          930    .ARM.Collect$$libshutdown$$00000004  c_p.l(libshutdown2.o)
    0x00000142   0x00000142   0x00000000   Code   RO          933    .ARM.Collect$$libshutdown$$00000007  c_p.l(libshutdown2.o)
    0x00000142   0x00000142   0x00000000   Code   RO          936    .ARM.Collect$$libshutdown$$0000000A  c_p.l(libshutdown2.o)
    0x00000142   0x00000142   0x00000000   Code   RO          938    .ARM.Collect$$libshutdown$$0000000C  c_p.l(libshutdown2.o)
    0x00000142   0x00000142   0x00000000   Code   RO          941    .ARM.Collect$$libshutdown$$0000000F  c_p.l(libshutdown2.o)
    0x00000142   0x00000142   0x00000002   Code   RO          942    .ARM.Collect$$libshutdown$$00000010  c_p.l(libshutdown2.o)
    0x00000144   0x00000144   0x00000000   Code   RO          777    .ARM.Collect$$rtentry$$00000000  c_p.l(__rtentry.o)
    0x00000144   0x00000144   0x00000000   Code   RO          784    .ARM.Collect$$rtentry$$00000002  c_p.l(__rtentry2.o)
    0x00000144   0x00000144   0x00000006   Code   RO          796    .ARM.Collect$$rtentry$$00000004  c_p.l(__rtentry4.o)
    0x0000014a   0x0000014a   0x00000000   Code   RO          786    .ARM.Collect$$rtentry$$00000009  c_p.l(__rtentry2.o)
    0x0000014a   0x0000014a   0x00000004   Code   RO          787    .ARM.Collect$$rtentry$$0000000A  c_p.l(__rtentry2.o)
    0x0000014e   0x0000014e   0x00000000   Code   RO          789    .ARM.Collect$$rtentry$$0000000C  c_p.l(__rtentry2.o)
    0x0000014e   0x0000014e   0x00000008   Code   RO          790    .ARM.Collect$$rtentry$$0000000D  c_p.l(__rtentry2.o)
    0x00000156   0x00000156   0x00000002   Code   RO          819    .ARM.Collect$$rtexit$$00000000  c_p.l(rtexit.o)
    0x00000158   0x00000158   0x00000000   Code   RO          875    .ARM.Collect$$rtexit$$00000002  c_p.l(rtexit2.o)
    0x00000158   0x00000158   0x00000004   Code   RO          876    .ARM.Collect$$rtexit$$00000003  c_p.l(rtexit2.o)
    0x0000015c   0x0000015c   0x00000006   Code   RO          877    .ARM.Collect$$rtexit$$00000004  c_p.l(rtexit2.o)
    0x00000162   0x00000162   0x00000002   PAD
    0x00000164   0x00000164   0x00000034   Code   RO          718  * .text               startup_mkl25z4.o
    0x00000198   0x00000198   0x0000015a   Code   RO          760    .text               c_p.l(aeabi_sdiv.o)
    0x000002f2   0x000002f2   0x00000006   Code   RO          764    .text               c_p.l(heapauxi.o)
    0x000002f8   0x000002f8   0x00000048   Code   RO          771    .text               fz_ps.l(dfixui.o)
    0x00000340   0x00000340   0x00000058   Code   RO          773    .text               fz_ps.l(dflti.o)
    0x00000398   0x00000398   0x0000003e   Code   RO          800    .text               c_p.l(sys_stackheap_outer.o)
    0x000003d6   0x000003d6   0x00000010   Code   RO          803    .text               c_p.l(exit.o)
    0x000003e6   0x000003e6   0x00000002   PAD
    0x000003e8   0x000003e8   0x00000008   Code   RO          815    .text               c_p.l(libspace.o)
    0x000003f0   0x000003f0   0x0000000c   Code   RO          872    .text               c_p.l(sys_exit.o)
    0x000003fc   0x000003fc   0x00000002   Code   RO          891    .text               c_p.l(use_no_semi.o)
    0x000003fe   0x000003fe   0x00000000   Code   RO          893    .text               c_p.l(indicate_semi.o)
    0x000003fe   0x000003fe   0x00000000   Code   RO          782    x$fpl$usenofp       fz_ps.l(usenofp.o)
    0x000003fe   0x000003fe   0x00000002   PAD
    0x00000400   0x00000400   0x00000010   Code   RO          717    .ARM.__at_0x400     startup_mkl25z4.o
    0x00000410   0x00000410   0x00000448   Code   RO          768    .text               fz_ps.l(ddiv.o)
    0x00000858   0x00000858   0x00000248   Code   RO          775    .text               fz_ps.l(dmul.o)
    0x00000aa0   0x00000aa0   0x00000014   Code   RO          257    i.Critical_Section  main.o
    0x00000ab4   0x00000ab4   0x000000c0   Code   RO          498    i.GB_Dequeue        transmission.o
    0x00000b74   0x00000b74   0x00000078   Code   RO          499    i.GB_Enqueue        transmission.o
    0x00000bec   0x00000bec   0x00000030   Code   RO          500    i.GB_Init           transmission.o
    0x00000c1c   0x00000c1c   0x00000054   Code   RO          502    i.GB_Shift          transmission.o
    0x00000c70   0x00000c70   0x00000016   Code   RO          504    i.GB_is_empty       transmission.o
    0x00000c86   0x00000c86   0x0000001e   Code   RO          505    i.GB_is_space       transmission.o
    0x00000ca4   0x00000ca4   0x0000000e   Code   RO          506    i.GB_read_first_el  transmission.o
    0x00000cb2   0x00000cb2   0x00000092   Code   RO          507    i.GB_recv_to        transmission.o
    0x00000d44   0x00000d44   0x00000034   Code   RO          508    i.GB_should_move    transmission.o
    0x00000d78   0x00000d78   0x00000138   Code   RO          509    i.GB_to_send        transmission.o
    0x00000eb0   0x00000eb0   0x00000030   Code   RO          258    i.Initialization_List  main.o
    0x00000ee0   0x00000ee0   0x00000010   Code   RO          259    i.Load_Arrays       main.o
    0x00000ef0   0x00000ef0   0x00000038   Code   RO          510    i.Load_Data         transmission.o
    0x00000f28   0x00000f28   0x0000004c   Code   RO          335    i.PIT_IRQHandler    pit.o
    0x00000f74   0x00000f74   0x00000010   Code   RO          642    i.QS_Empty          send.o
    0x00000f84   0x00000f84   0x0000002e   Code   RO          643    i.QS_Enqueue        send.o
    0x00000fb2   0x00000fb2   0x00000010   Code   RO          644    i.QS_Full           send.o
    0x00000fc2   0x00000fc2   0x00000018   Code   RO          645    i.QS_Init           send.o
    0x00000fda   0x00000fda   0x00000002   PAD
    0x00000fdc   0x00000fdc   0x000000a0   Code   RO          646    i.QS_Send           send.o
    0x0000107c   0x0000107c   0x00000010   Code   RO          647    i.Q_Initialize      send.o
    0x0000108c   0x0000108c   0x00000070   Code   RO          648    i.Q_Receive         send.o
    0x000010fc   0x000010fc   0x00000060   Code   RO          649    i.Q_Send            send.o
    0x0000115c   0x0000115c   0x00000160   Code   RO          511    i.Receive_Data      transmission.o
    0x000012bc   0x000012bc   0x00000160   Code   RO          512    i.Receive_Data2     transmission.o
    0x0000141c   0x0000141c   0x00000020   Code   RO          261    i.Set_Uarts_Functions  main.o
    0x0000143c   0x0000143c   0x00000018   Code   RO          336    i.SysTick_Handler   pit.o
    0x00001454   0x00001454   0x000000c4   Code   RO          727    i.SystemInit        system_mkl25z4.o
    0x00001518   0x00001518   0x00000060   Code   RO          405    i.TPM0_IRQHandler   tpm.o
    0x00001578   0x00001578   0x00000050   Code   RO          262    i.Transmit          main.o
    0x000015c8   0x000015c8   0x000002b4   Code   RO          513    i.Transmit_Data     transmission.o
    0x0000187c   0x0000187c   0x00000078   Code   RO          450    i.UART0_IRQHandler  uart.o
    0x000018f4   0x000018f4   0x00000018   Code   RO          337    i.__NVIC_ClearPendingIRQ  pit.o
    0x0000190c   0x0000190c   0x00000018   Code   RO          406    i.__NVIC_ClearPendingIRQ  tpm.o
    0x00001924   0x00001924   0x00000018   Code   RO          451    i.__NVIC_ClearPendingIRQ  uart.o
    0x0000193c   0x0000193c   0x00000020   Code   RO          338    i.__NVIC_EnableIRQ  pit.o
    0x0000195c   0x0000195c   0x00000078   Code   RO          339    i.__NVIC_SetPriority  pit.o
    0x000019d4   0x000019d4   0x00000138   Code   RO            3    i.acdcint           acdc.o
    0x00001b0c   0x00001b0c   0x00000024   Code   RO           87    i.append_Confirmed  assoc.o
    0x00001b30   0x00001b30   0x00000020   Code   RO           88    i.append_Information  assoc.o
    0x00001b50   0x00001b50   0x000000ce   Code   RO          514    i.arr_append        transmission.o
    0x00001c1e   0x00001c1e   0x00000002   PAD
    0x00001c20   0x00001c20   0x00000034   Code   RO          515    i.arr_get_ready     transmission.o
    0x00001c54   0x00001c54   0x00000038   Code   RO           89    i.check_Confirmed   assoc.o
    0x00001c8c   0x00001c8c   0x00000040   Code   RO           90    i.check_Information  assoc.o
    0x00001ccc   0x00001ccc   0x00000036   Code   RO          516    i.clear_arrey       transmission.o
    0x00001d02   0x00001d02   0x00000002   PAD
    0x00001d04   0x00001d04   0x0000006c   Code   RO           91    i.compare_Inf_Conf  assoc.o
    0x00001d70   0x00001d70   0x0000001c   Code   RO          178    i.delay_mc          extra.o
    0x00001d8c   0x00001d8c   0x000001b0   Code   RO           93    i.detect_PC         assoc.o
    0x00001f3c   0x00001f3c   0x00000020   Code   RO           94    i.get_Format        assoc.o
    0x00001f5c   0x00001f5c   0x00000054   Code   RO            4    i.get_acdc          acdc.o
    0x00001fb0   0x00001fb0   0x0000000c   Code   RO          340    i.get_pit_time      pit.o
    0x00001fbc   0x00001fbc   0x00000040   Code   RO          201    i.ledredBlink       leds.o
    0x00001ffc   0x00001ffc   0x000000ac   Code   RO          202    i.ledsInitialize    leds.o
    0x000020a8   0x000020a8   0x00000024   Code   RO          203    i.ledsOff           leds.o
    0x000020cc   0x000020cc   0x0000003c   Code   RO          263    i.main              main.o
    0x00002108   0x00002108   0x0000006c   Code   RO          517    i.mass_append       transmission.o
    0x00002174   0x00002174   0x00000098   Code   RO          341    i.pitInitialize     pit.o
    0x0000220c   0x0000220c   0x00000034   Code   RO           95    i.prepare_Confirmed  assoc.o
    0x00002240   0x00002240   0x00000034   Code   RO           96    i.prepare_Information  assoc.o
    0x00002274   0x00002274   0x00000078   Code   RO           97    i.send_Information  assoc.o
    0x000022ec   0x000022ec   0x00000080   Code   RO            5    i.swiatlo           acdc.o
    0x0000236c   0x0000236c   0x0000005c   Code   RO          342    i.systickInit       pit.o
    0x000023c8   0x000023c8   0x000000c4   Code   RO          452    i.uart0Initialize   uart.o
    0x0000248c   0x0000248c   0x0000016c   Code   RO          453    i.uart12Initialize  uart.o
    0x000025f8   0x000025f8   0x00000008   Data   RO          409    .constdata          tpm.o
    0x00002600   0x00002600   0x00000080   Data   RO          769    .constdata          fz_ps.l(ddiv.o)
    0x00002680   0x00002680   0x00000020   Data   RO          943    Region$$Table       anon$$obj.o


    Execution Region ER_RW (Exec base: 0x1ffff000, Load base: 0x000026a0, Size: 0x00000034, Max: 0xffffffff, ABSOLUTE)

    Exec Addr    Load Addr    Size         Type   Attr      Idx    E Section Name        Object

    0x1ffff000   0x000026a0   0x00000011   Data   RW          265    .data               main.o
    0x1ffff011   0x000026b1   0x00000003   PAD
    0x1ffff014   0x000026b4   0x00000005   Data   RW          344    .data               pit.o
    0x1ffff019   0x000026b9   0x00000003   PAD
    0x1ffff01c   0x000026bc   0x0000000c   Data   RW          455    .data               uart.o
    0x1ffff028   0x000026c8   0x00000008   Data   RW          520    .data               transmission.o
    0x1ffff030   0x000026d0   0x00000004   Data   RW          728    .data               system_mkl25z4.o


    Execution Region ER_ZI (Exec base: 0x1ffff034, Load base: 0x000026d4, Size: 0x00001a8c, Max: 0xffffffff, ABSOLUTE)

    Exec Addr    Load Addr    Size         Type   Attr      Idx    E Section Name        Object

    0x1ffff034        -       0x00000090   Zero   RW           98    .bss                assoc.o
    0x1ffff0c4        -       0x0000157c   Zero   RW          518    .bss                transmission.o
    0x20000640        -       0x0000001c   Zero   RW          650    .bss                send.o
    0x2000065c        -       0x00000060   Zero   RW          816    .bss                c_p.l(libspace.o)
    0x200006bc   0x000026d4   0x00000004   PAD
    0x200006c0        -       0x00000000   Zero   RW          715    HEAP                startup_mkl25z4.o
    0x200006c0        -       0x00000400   Zero   RW          714    STACK               startup_mkl25z4.o


==============================================================================

Image component sizes


      Code (inc. data)   RO Data    RW Data    ZI Data      Debug   Object Name

       524         42          0          0          0      99603   acdc.o
       984         78          0          0        144      15453   assoc.o
        28          4          0          0          0        483   extra.o
       272         28          0          0          0       1417   leds.o
       256         48          0         17          0       3939   main.o
       532         72          0          5          0      12641   pit.o
       486         44          0          0         28       5548   send.o
        68         38        192          0       1024        924   startup_mkl25z4.o
       196         28          0          4          0        843   system_mkl25z4.o
       120         26          8          0          0       9114   tpm.o
      2892        134          0          8       5500      14821   transmission.o
       704         74          0         12          0      10311   uart.o

    ----------------------------------------------------------------------
      7068        616        232         52       6696     175097   Object Totals
         0          0         32          0          0          0   (incl. Generated)
         6          0          0          6          0          0   (incl. Padding)

    ----------------------------------------------------------------------

      Code (inc. data)   RO Data    RW Data    ZI Data      Debug   Library Member Name

         8          0          0          0          0         68   __main.o
         0          0          0          0          0          0   __rtentry.o
        12          0          0          0          0          0   __rtentry2.o
         6          0          0          0          0          0   __rtentry4.o
        60          8          0          0          0          0   __scatter.o
        26          0          0          0          0          0   __scatter_copy.o
        28          0          0          0          0          0   __scatter_zi.o
       346          0          0          0          0         92   aeabi_sdiv.o
        16          0          0          0          0         68   exit.o
         6          0          0          0          0        136   heapauxi.o
         0          0          0          0          0          0   indicate_semi.o
         2          0          0          0          0          0   libinit.o
         2          0          0          0          0          0   libinit2.o
         2          0          0          0          0          0   libshutdown.o
         2          0          0          0          0          0   libshutdown2.o
         8          4          0          0         96         68   libspace.o
         2          0          0          0          0          0   rtexit.o
        10          0          0          0          0          0   rtexit2.o
        12          4          0          0          0         60   sys_exit.o
        62          0          0          0          0         80   sys_stackheap_outer.o
         2          0          0          0          0         68   use_no_semi.o
      1096         26        128          0          0        112   ddiv.o
        72          4          0          0          0         68   dfixui.o
        88          0          0          0          0         92   dflti.o
       584         26          0          0          0         84   dmul.o
         0          0          0          0          0          0   usenofp.o

    ----------------------------------------------------------------------
      2460         72        128          0        100        996   Library Totals
         8          0          0          0          4          0   (incl. Padding)

    ----------------------------------------------------------------------

      Code (inc. data)   RO Data    RW Data    ZI Data      Debug   Library Name

       612         16          0          0         96        640   c_p.l
      1840         56        128          0          0        356   fz_ps.l

    ----------------------------------------------------------------------
      2460         72        128          0        100        996   Library Totals

    ----------------------------------------------------------------------

==============================================================================


      Code (inc. data)   RO Data    RW Data    ZI Data      Debug   

      9528        688        360         52       6796     173089   Grand Totals
      9528        688        360         52       6796     173089   ELF Image Totals
      9528        688        360         52          0          0   ROM Totals

==============================================================================

    Total RO  Size (Code + RO Data)                 9888 (   9.66kB)
    Total RW  Size (RW Data + ZI Data)              6848 (   6.69kB)
    Total ROM Size (Code + RO Data + RW Data)       9940 (   9.71kB)

==============================================================================

